resourceMetrics:
  - resource: {}
    scopeMetrics:
      - metrics:
          - gauge:
              dataPoints:
                - asDouble: 0
                  attributes:
                    - key: host.name
                      value:
                        stringValue: kind-control-plane
                    - key: k8s.cluster.name
                      value:
                        stringValue: sock
                    - key: k8s.namespace.name
                      value:
                        stringValue: kube-system
                    - key: k8s.node.name
                      value:
                        stringValue: kind-control-plane
                    - key: k8s.pod.name
                      value:
                        stringValue: kube-controller-manager-kind-control-plane
                    - key: k8s.pod.uid
                      value:
                        stringValue: b7541026-6206-4fa5-b96a-5a4eb83c2174
                    - key: name
                      value:
                        stringValue: ClusterRoleAggregator
                    - key: os.type
                      value:
                        stringValue: linux
                    - key: server.address
                      value:
                        stringValue: 172.18.0.2
                    - key: server.port
                      value:
                        stringValue: "10257"
                    - key: service.instance.id
                      value:
                        stringValue: 172.18.0.2:10257
                    - key: service.name
                      value:
                        stringValue: kube-controller-manager
                    - key: url.scheme
                      value:
                        stringValue: https
                  timeUnixNano: "1000000"
            name: workqueue_depth
          - name: workqueue_retries_total
            sum:
              aggregationTemporality: 2
              dataPoints:
                - asDouble: 0
                  attributes:
                    - key: host.name
                      value:
                        stringValue: kind-control-plane
                    - key: k8s.cluster.name
                      value:
                        stringValue: sock
                    - key: k8s.namespace.name
                      value:
                        stringValue: kube-system
                    - key: k8s.node.name
                      value:
                        stringValue: kind-control-plane
                    - key: k8s.pod.name
                      value:
                        stringValue: kube-controller-manager-kind-control-plane
                    - key: k8s.pod.uid
                      value:
                        stringValue: b7541026-6206-4fa5-b96a-5a4eb83c2174
                    - key: name
                      value:
                        stringValue: ClusterRoleAggregator
                    - key: os.type
                      value:
                        stringValue: linux
                    - key: server.address
                      value:
                        stringValue: 172.18.0.2
                    - key: server.port
                      value:
                        stringValue: "10257"
                    - key: service.instance.id
                      value:
                        stringValue: 172.18.0.2:10257
                    - key: service.name
                      value:
                        stringValue: kube-controller-manager
                    - key: url.scheme
                      value:
                        stringValue: https
                  timeUnixNano: "1000000"
              isMonotonic: true
          - gauge:
              dataPoints:
                - asDouble: 0
                  attributes:
                    - key: host.name
                      value:
                        stringValue: kind-control-plane
                    - key: k8s.cluster.name
                      value:
                        stringValue: sock
                    - key: k8s.namespace.name
                      value:
                        stringValue: kube-system
                    - key: k8s.node.name
                      value:
                        stringValue: kind-control-plane
                    - key: k8s.pod.name
                      value:
                        stringValue: kube-controller-manager-kind-control-plane
                    - key: k8s.pod.uid
                      value:
                        stringValue: b7541026-6206-4fa5-b96a-5a4eb83c2174
                    - key: name
                      value:
                        stringValue: ClusterRoleAggregator
                    - key: os.type
                      value:
                        stringValue: linux
                    - key: server.address
                      value:
                        stringValue: 172.18.0.2
                    - key: server.port
                      value:
                        stringValue: "10257"
                    - key: service.instance.id
                      value:
                        stringValue: 172.18.0.2:10257
                    - key: service.name
                      value:
                        stringValue: kube-controller-manager
                    - key: url.scheme
                      value:
                        stringValue: https
                  timeUnixNano: "1000000"
            name: workqueue_longest_running_processor_seconds
          - gauge:
              dataPoints:
                - asDouble: 0
                  attributes:
                    - key: host.name
                      value:
                        stringValue: kind-control-plane
                    - key: k8s.cluster.name
                      value:
                        stringValue: sock
                    - key: k8s.namespace.name
                      value:
                        stringValue: kube-system
                    - key: k8s.node.name
                      value:
                        stringValue: kind-control-plane
                    - key: k8s.pod.name
                      value:
                        stringValue: kube-controller-manager-kind-control-plane
                    - key: k8s.pod.uid
                      value:
                        stringValue: b7541026-6206-4fa5-b96a-5a4eb83c2174
                    - key: name
                      value:
                        stringValue: ClusterRoleAggregator
                    - key: os.type
                      value:
                        stringValue: linux
                    - key: server.address
                      value:
                        stringValue: 172.18.0.2
                    - key: server.port
                      value:
                        stringValue: "10257"
                    - key: service.instance.id
                      value:
                        stringValue: 172.18.0.2:10257
                    - key: service.name
                      value:
                        stringValue: kube-controller-manager
                    - key: url.scheme
                      value:
                        stringValue: https
                  timeUnixNano: "1000000"
            name: workqueue_unfinished_work_seconds
          - gauge:
              dataPoints:
                - asDouble: 1
                  attributes:
                    - key: host.name
                      value:
                        stringValue: kind-control-plane
                    - key: k8s.cluster.name
                      value:
                        stringValue: sock
                    - key: k8s.namespace.name
                      value:
                        stringValue: kube-system
                    - key: k8s.node.name
                      value:
                        stringValue: kind-control-plane
                    - key: k8s.pod.name
                      value:
                        stringValue: kube-controller-manager-kind-control-plane
                    - key: k8s.pod.uid
                      value:
                        stringValue: b7541026-6206-4fa5-b96a-5a4eb83c2174
                    - key: os.type
                      value:
                        stringValue: linux
                    - key: server.address
                      value:
                        stringValue: 172.18.0.2
                    - key: server.port
                      value:
                        stringValue: "10257"
                    - key: service.instance.id
                      value:
                        stringValue: 172.18.0.2:10257
                    - key: service.name
                      value:
                        stringValue: kube-controller-manager
                    - key: url.scheme
                      value:
                        stringValue: https
                  timeUnixNano: "1000000"
            name: up
          - gauge:
              dataPoints:
                - asDouble: 0.029209542
                  attributes:
                    - key: host.name
                      value:
                        stringValue: kind-control-plane
                    - key: k8s.cluster.name
                      value:
                        stringValue: sock
                    - key: k8s.namespace.name
                      value:
                        stringValue: kube-system
                    - key: k8s.node.name
                      value:
                        stringValue: kind-control-plane
                    - key: k8s.pod.name
                      value:
                        stringValue: kube-controller-manager-kind-control-plane
                    - key: k8s.pod.uid
                      value:
                        stringValue: b7541026-6206-4fa5-b96a-5a4eb83c2174
                    - key: os.type
                      value:
                        stringValue: linux
                    - key: server.address
                      value:
                        stringValue: 172.18.0.2
                    - key: server.port
                      value:
                        stringValue: "10257"
                    - key: service.instance.id
                      value:
                        stringValue: 172.18.0.2:10257
                    - key: service.name
                      value:
                        stringValue: kube-controller-manager
                    - key: url.scheme
                      value:
                        stringValue: https
                  timeUnixNano: "1000000"
            name: scrape_duration_seconds
          - gauge:
              dataPoints:
                - asDouble: 2453
                  attributes:
                    - key: host.name
                      value:
                        stringValue: kind-control-plane
                    - key: k8s.cluster.name
                      value:
                        stringValue: sock
                    - key: k8s.namespace.name
                      value:
                        stringValue: kube-system
                    - key: k8s.node.name
                      value:
                        stringValue: kind-control-plane
                    - key: k8s.pod.name
                      value:
                        stringValue: kube-controller-manager-kind-control-plane
                    - key: k8s.pod.uid
                      value:
                        stringValue: b7541026-6206-4fa5-b96a-5a4eb83c2174
                    - key: os.type
                      value:
                        stringValue: linux
                    - key: server.address
                      value:
                        stringValue: 172.18.0.2
                    - key: server.port
                      value:
                        stringValue: "10257"
                    - key: service.instance.id
                      value:
                        stringValue: 172.18.0.2:10257
                    - key: service.name
                      value:
                        stringValue: kube-controller-manager
                    - key: url.scheme
                      value:
                        stringValue: https
                  timeUnixNano: "1000000"
            name: scrape_samples_scraped
          - gauge:
              dataPoints:
                - asDouble: 845
                  attributes:
                    - key: host.name
                      value:
                        stringValue: kind-control-plane
                    - key: k8s.cluster.name
                      value:
                        stringValue: sock
                    - key: k8s.namespace.name
                      value:
                        stringValue: kube-system
                    - key: k8s.node.name
                      value:
                        stringValue: kind-control-plane
                    - key: k8s.pod.name
                      value:
                        stringValue: kube-controller-manager-kind-control-plane
                    - key: k8s.pod.uid
                      value:
                        stringValue: b7541026-6206-4fa5-b96a-5a4eb83c2174
                    - key: os.type
                      value:
                        stringValue: linux
                    - key: server.address
                      value:
                        stringValue: 172.18.0.2
                    - key: server.port
                      value:
                        stringValue: "10257"
                    - key: service.instance.id
                      value:
                        stringValue: 172.18.0.2:10257
                    - key: service.name
                      value:
                        stringValue: kube-controller-manager
                    - key: url.scheme
                      value:
                        stringValue: https
                  timeUnixNano: "1000000"
            name: scrape_samples_post_metric_relabeling
          - gauge:
              dataPoints:
                - asDouble: 845
                  attributes:
                    - key: host.name
                      value:
                        stringValue: kind-control-plane
                    - key: k8s.cluster.name
                      value:
                        stringValue: sock
                    - key: k8s.namespace.name
                      value:
                        stringValue: kube-system
                    - key: k8s.node.name
                      value:
                        stringValue: kind-control-plane
                    - key: k8s.pod.name
                      value:
                        stringValue: kube-controller-manager-kind-control-plane
                    - key: k8s.pod.uid
                      value:
                        stringValue: b7541026-6206-4fa5-b96a-5a4eb83c2174
                    - key: os.type
                      value:
                        stringValue: linux
                    - key: server.address
                      value:
                        stringValue: 172.18.0.2
                    - key: server.port
                      value:
                        stringValue: "10257"
                    - key: service.instance.id
                      value:
                        stringValue: 172.18.0.2:10257
                    - key: service.name
                      value:
                        stringValue: kube-controller-manager
                    - key: url.scheme
                      value:
                        stringValue: https
                  timeUnixNano: "1000000"
            name: scrape_series_added
        scope: {}
