resourceMetrics:
  - resource: {}
    scopeMetrics:
      - metrics:
          - name: apiserver_request_total
            sum:
              aggregationTemporality: 2
              dataPoints:
                - asDouble: 2
                  attributes:
                    - key: code
                      value:
                        stringValue: "0"
                    - key: component
                      value:
                        stringValue: apiserver
                    - key: host.name
                      value:
                        stringValue: kind-control-plane
                    - key: k8s.cluster.name
                      value:
                        stringValue: sock
                    - key: k8s.namespace.name
                      value:
                        stringValue: kube-system
                    - key: k8s.node.name
                      value:
                        stringValue: kind-control-plane
                    - key: k8s.pod.name
                      value:
                        stringValue: kube-apiserver-kind-control-plane
                    - key: k8s.pod.uid
                      value:
                        stringValue: 54878e10-3f38-4178-9a33-4572ed3ceaba
                    - key: os.type
                      value:
                        stringValue: linux
                    - key: resource
                      value:
                        stringValue: pods
                    - key: scope
                      value:
                        stringValue: resource
                    - key: server.address
                      value:
                        stringValue: 172.18.0.2
                    - key: server.port
                      value:
                        stringValue: "6443"
                    - key: service.instance.id
                      value:
                        stringValue: 172.18.0.2:6443
                    - key: service.name
                      value:
                        stringValue: kubernetes-apiserver
                    - key: subresource
                      value:
                        stringValue: attach
                    - key: url.scheme
                      value:
                        stringValue: https
                    - key: verb
                      value:
                        stringValue: CONNECT
                    - key: version
                      value:
                        stringValue: v1
                  timeUnixNano: "1000000"
              isMonotonic: true
          - gauge:
              dataPoints:
                - asDouble: 21
                  attributes:
                    - key: host.name
                      value:
                        stringValue: kind-control-plane
                    - key: k8s.cluster.name
                      value:
                        stringValue: sock
                    - key: k8s.namespace.name
                      value:
                        stringValue: kube-system
                    - key: k8s.node.name
                      value:
                        stringValue: kind-control-plane
                    - key: k8s.pod.name
                      value:
                        stringValue: kube-apiserver-kind-control-plane
                    - key: k8s.pod.uid
                      value:
                        stringValue: 54878e10-3f38-4178-9a33-4572ed3ceaba
                    - key: os.type
                      value:
                        stringValue: linux
                    - key: resource
                      value:
                        stringValue: apiservices.apiregistration.k8s.io
                    - key: server.address
                      value:
                        stringValue: 172.18.0.2
                    - key: server.port
                      value:
                        stringValue: "6443"
                    - key: service.instance.id
                      value:
                        stringValue: 172.18.0.2:6443
                    - key: service.name
                      value:
                        stringValue: kubernetes-apiserver
                    - key: url.scheme
                      value:
                        stringValue: https
                  timeUnixNano: "1000000"
            name: apiserver_storage_objects
          - gauge:
              dataPoints:
                - asDouble: 4799
                  attributes:
                    - key: host.name
                      value:
                        stringValue: kind-control-plane
                    - key: k8s.cluster.name
                      value:
                        stringValue: sock
                    - key: k8s.namespace.name
                      value:
                        stringValue: kube-system
                    - key: k8s.node.name
                      value:
                        stringValue: kind-control-plane
                    - key: k8s.pod.name
                      value:
                        stringValue: kube-apiserver-kind-control-plane
                    - key: k8s.pod.uid
                      value:
                        stringValue: 54878e10-3f38-4178-9a33-4572ed3ceaba
                    - key: os.type
                      value:
                        stringValue: linux
                    - key: server.address
                      value:
                        stringValue: 172.18.0.2
                    - key: server.port
                      value:
                        stringValue: "6443"
                    - key: service.instance.id
                      value:
                        stringValue: 172.18.0.2:6443
                    - key: service.name
                      value:
                        stringValue: kubernetes-apiserver
                    - key: url.scheme
                      value:
                        stringValue: https
                  timeUnixNano: "1000000"
            name: scrape_series_added
          - gauge:
              dataPoints:
                - asDouble: 1
                  attributes:
                    - key: component
                      value:
                        stringValue: apiserver
                    - key: host.name
                      value:
                        stringValue: kind-control-plane
                    - key: k8s.cluster.name
                      value:
                        stringValue: sock
                    - key: k8s.namespace.name
                      value:
                        stringValue: kube-system
                    - key: k8s.node.name
                      value:
                        stringValue: kind-control-plane
                    - key: k8s.pod.name
                      value:
                        stringValue: kube-apiserver-kind-control-plane
                    - key: k8s.pod.uid
                      value:
                        stringValue: 54878e10-3f38-4178-9a33-4572ed3ceaba
                    - key: os.type
                      value:
                        stringValue: linux
                    - key: resource
                      value:
                        stringValue: configmaps
                    - key: scope
                      value:
                        stringValue: cluster
                    - key: server.address
                      value:
                        stringValue: 172.18.0.2
                    - key: server.port
                      value:
                        stringValue: "6443"
                    - key: service.instance.id
                      value:
                        stringValue: 172.18.0.2:6443
                    - key: service.name
                      value:
                        stringValue: kubernetes-apiserver
                    - key: url.scheme
                      value:
                        stringValue: https
                    - key: verb
                      value:
                        stringValue: WATCH
                    - key: version
                      value:
                        stringValue: v1
                  timeUnixNano: "1000000"
            name: apiserver_longrunning_requests
          - name: rest_client_requests_total
            sum:
              aggregationTemporality: 2
              dataPoints:
                - asDouble: 108
                  attributes:
                    - key: code
                      value:
                        stringValue: "200"
                    - key: host
                      value:
                        stringValue: '[::1]:6443'
                    - key: host.name
                      value:
                        stringValue: kind-control-plane
                    - key: k8s.cluster.name
                      value:
                        stringValue: sock
                    - key: k8s.namespace.name
                      value:
                        stringValue: kube-system
                    - key: k8s.node.name
                      value:
                        stringValue: kind-control-plane
                    - key: k8s.pod.name
                      value:
                        stringValue: kube-apiserver-kind-control-plane
                    - key: k8s.pod.uid
                      value:
                        stringValue: 54878e10-3f38-4178-9a33-4572ed3ceaba
                    - key: method
                      value:
                        stringValue: GET
                    - key: os.type
                      value:
                        stringValue: linux
                    - key: server.address
                      value:
                        stringValue: 172.18.0.2
                    - key: server.port
                      value:
                        stringValue: "6443"
                    - key: service.instance.id
                      value:
                        stringValue: 172.18.0.2:6443
                    - key: service.name
                      value:
                        stringValue: kubernetes-apiserver
                    - key: url.scheme
                      value:
                        stringValue: https
                  timeUnixNano: "1000000"
              isMonotonic: true
          - gauge:
              dataPoints:
                - asDouble: 1
                  attributes:
                    - key: host.name
                      value:
                        stringValue: kind-control-plane
                    - key: k8s.cluster.name
                      value:
                        stringValue: sock
                    - key: k8s.namespace.name
                      value:
                        stringValue: kube-system
                    - key: k8s.node.name
                      value:
                        stringValue: kind-control-plane
                    - key: k8s.pod.name
                      value:
                        stringValue: kube-apiserver-kind-control-plane
                    - key: k8s.pod.uid
                      value:
                        stringValue: 54878e10-3f38-4178-9a33-4572ed3ceaba
                    - key: os.type
                      value:
                        stringValue: linux
                    - key: server.address
                      value:
                        stringValue: 172.18.0.2
                    - key: server.port
                      value:
                        stringValue: "6443"
                    - key: service.instance.id
                      value:
                        stringValue: 172.18.0.2:6443
                    - key: service.name
                      value:
                        stringValue: kubernetes-apiserver
                    - key: url.scheme
                      value:
                        stringValue: https
                  timeUnixNano: "1000000"
            name: up
          - gauge:
              dataPoints:
                - asDouble: 0.245303584
                  attributes:
                    - key: host.name
                      value:
                        stringValue: kind-control-plane
                    - key: k8s.cluster.name
                      value:
                        stringValue: sock
                    - key: k8s.namespace.name
                      value:
                        stringValue: kube-system
                    - key: k8s.node.name
                      value:
                        stringValue: kind-control-plane
                    - key: k8s.pod.name
                      value:
                        stringValue: kube-apiserver-kind-control-plane
                    - key: k8s.pod.uid
                      value:
                        stringValue: 54878e10-3f38-4178-9a33-4572ed3ceaba
                    - key: os.type
                      value:
                        stringValue: linux
                    - key: server.address
                      value:
                        stringValue: 172.18.0.2
                    - key: server.port
                      value:
                        stringValue: "6443"
                    - key: service.instance.id
                      value:
                        stringValue: 172.18.0.2:6443
                    - key: service.name
                      value:
                        stringValue: kubernetes-apiserver
                    - key: url.scheme
                      value:
                        stringValue: https
                  timeUnixNano: "1000000"
            name: scrape_duration_seconds
          - gauge:
              dataPoints:
                - asDouble: 17071
                  attributes:
                    - key: host.name
                      value:
                        stringValue: kind-control-plane
                    - key: k8s.cluster.name
                      value:
                        stringValue: sock
                    - key: k8s.namespace.name
                      value:
                        stringValue: kube-system
                    - key: k8s.node.name
                      value:
                        stringValue: kind-control-plane
                    - key: k8s.pod.name
                      value:
                        stringValue: kube-apiserver-kind-control-plane
                    - key: k8s.pod.uid
                      value:
                        stringValue: 54878e10-3f38-4178-9a33-4572ed3ceaba
                    - key: os.type
                      value:
                        stringValue: linux
                    - key: server.address
                      value:
                        stringValue: 172.18.0.2
                    - key: server.port
                      value:
                        stringValue: "6443"
                    - key: service.instance.id
                      value:
                        stringValue: 172.18.0.2:6443
                    - key: service.name
                      value:
                        stringValue: kubernetes-apiserver
                    - key: url.scheme
                      value:
                        stringValue: https
                  timeUnixNano: "1000000"
            name: scrape_samples_scraped
          - gauge:
              dataPoints:
                - asDouble: 4799
                  attributes:
                    - key: host.name
                      value:
                        stringValue: kind-control-plane
                    - key: k8s.cluster.name
                      value:
                        stringValue: sock
                    - key: k8s.namespace.name
                      value:
                        stringValue: kube-system
                    - key: k8s.node.name
                      value:
                        stringValue: kind-control-plane
                    - key: k8s.pod.name
                      value:
                        stringValue: kube-apiserver-kind-control-plane
                    - key: k8s.pod.uid
                      value:
                        stringValue: 54878e10-3f38-4178-9a33-4572ed3ceaba
                    - key: os.type
                      value:
                        stringValue: linux
                    - key: server.address
                      value:
                        stringValue: 172.18.0.2
                    - key: server.port
                      value:
                        stringValue: "6443"
                    - key: service.instance.id
                      value:
                        stringValue: 172.18.0.2:6443
                    - key: service.name
                      value:
                        stringValue: kubernetes-apiserver
                    - key: url.scheme
                      value:
                        stringValue: https
                  timeUnixNano: "1000000"
            name: scrape_samples_post_metric_relabeling
        scope: {}
