resourceMetrics:
  - resource:
      attributes:
        - key: host.name
          value:
            stringValue: kind-control-plane
        - key: k8s.cluster.name
          value:
            stringValue: sock
        - key: k8s.namespace.name
          value:
            stringValue: kube-system
        - key: k8s.node.name
          value:
            stringValue: kind-control-plane
        - key: k8s.pod.name
          value:
            stringValue: kube-controller-manager-kind-control-plane
        - key: k8s.pod.uid
          value:
            stringValue: b7541026-6206-4fa5-b96a-5a4eb83c2174
        - key: os.type
          value:
            stringValue: linux
        - key: server.address
          value:
            stringValue: 172.18.0.2
        - key: server.port
          value:
            stringValue: "10257"
        - key: service.instance.id
          value:
            stringValue: 172.18.0.2:10257
        - key: service.name
          value:
            stringValue: kube-controller-manager
        - key: url.scheme
          value:
            stringValue: https
    schemaUrl: https://opentelemetry.io/schemas/1.6.1
    scopeMetrics:
      - metrics:
          - description: '[ALPHA] How long in seconds an item stays in workqueue before being requested.'
            histogram:
              aggregationTemporality: 2
              dataPoints:
                - attributes:
                    - key: name
                      value:
                        stringValue: ClusterRoleAggregator
                  bucketCounts:
                    - "0"
                    - "0"
                    - "0"
                    - "4"
                    - "8"
                    - "1"
                    - "2"
                    - "3"
                    - "0"
                    - "0"
                    - "0"
                  count: "18"
                  explicitBounds:
                    - 1e-08
                    - 1e-07
                    - 1e-06
                    - 9.999999999999999e-06
                    - 9.999999999999999e-05
                    - 0.001
                    - 0.01
                    - 0.1
                    - 1
                    - 10
                  startTimeUnixNano: "1000000"
                  sum: 0.083588791
                  timeUnixNano: "1000000"
            metadata:
              - key: prometheus.type
                value:
                  stringValue: histogram
            name: workqueue_queue_duration_seconds
        scope:
          name: github.com/open-telemetry/opentelemetry-collector-contrib/receiver/prometheusreceiver
          version: v0.127.0
