resourceMetrics:
  - resource:
      attributes:
        - key: host.name
          value:
            stringValue: kind-control-plane
        - key: k8s.cluster.name
          value:
            stringValue: sock
        - key: k8s.namespace.name
          value:
            stringValue: kube-system
        - key: k8s.node.name
          value:
            stringValue: kind-control-plane
        - key: k8s.pod.name
          value:
            stringValue: kube-scheduler-kind-control-plane
        - key: k8s.pod.uid
          value:
            stringValue: 9e05a705-4ff9-4632-b395-77f3c8a660a8
        - key: os.type
          value:
            stringValue: linux
        - key: server.address
          value:
            stringValue: 172.18.0.2
        - key: server.port
          value:
            stringValue: "10259"
        - key: service.instance.id
          value:
            stringValue: 172.18.0.2:10259
        - key: service.name
          value:
            stringValue: kubernetes-scheduler
        - key: url.scheme
          value:
            stringValue: https
    schemaUrl: https://opentelemetry.io/schemas/1.6.1
    scopeMetrics:
      - metrics:
          - description: '[ALPHA] Scheduling algorithm latency in seconds'
            histogram:
              aggregationTemporality: 2
              dataPoints:
                - bucketCounts:
                    - "7"
                    - "0"
                    - "0"
                    - "0"
                    - "0"
                    - "0"
                    - "0"
                    - "0"
                    - "0"
                    - "0"
                    - "0"
                    - "0"
                    - "0"
                    - "0"
                    - "0"
                    - "0"
                  count: "7"
                  explicitBounds:
                    - 0.001
                    - 0.002
                    - 0.004
                    - 0.008
                    - 0.016
                    - 0.032
                    - 0.064
                    - 0.128
                    - 0.256
                    - 0.512
                    - 1.024
                    - 2.048
                    - 4.096
                    - 8.192
                    - 16.384
                  startTimeUnixNano: "1000000"
                  sum: 0.0006702920000000001
                  timeUnixNano: "1000000"
            metadata:
              - key: prometheus.type
                value:
                  stringValue: histogram
            name: scheduler_scheduling_algorithm_duration_seconds
          - description: '[ALPHA] Request latency in seconds. Broken down by verb, and host.'
            histogram:
              aggregationTemporality: 2
              dataPoints:
                - attributes:
                    - key: host
                      value:
                        stringValue: 172.18.0.2:6443
                    - key: verb
                      value:
                        stringValue: GET
                  bucketCounts:
                    - "72"
                    - "24"
                    - "0"
                    - "0"
                    - "0"
                    - "0"
                    - "1"
                    - "0"
                    - "0"
                    - "0"
                    - "0"
                    - "0"
                    - "0"
                  count: "97"
                  explicitBounds:
                    - 0.005
                    - 0.025
                    - 0.1
                    - 0.25
                    - 0.5
                    - 1
                    - 2
                    - 4
                    - 8
                    - 15
                    - 30
                    - 60
                  startTimeUnixNano: "1000000"
                  sum: 1.592003217
                  timeUnixNano: "1000000"
            metadata:
              - key: prometheus.type
                value:
                  stringValue: histogram
            name: rest_client_request_duration_seconds
        scope:
          name: github.com/open-telemetry/opentelemetry-collector-contrib/receiver/prometheusreceiver
          version: v0.127.0
