resourceMetrics:
  - resource:
      attributes:
        - key: host.name
          value:
            stringValue: kind-control-plane
        - key: k8s.cluster.name
          value:
            stringValue: sock
        - key: k8s.namespace.name
          value:
            stringValue: kube-system
        - key: k8s.node.name
          value:
            stringValue: kind-control-plane
        - key: k8s.pod.name
          value:
            stringValue: kube-apiserver-kind-control-plane
        - key: k8s.pod.uid
          value:
            stringValue: f2221185-a24d-423b-a939-f013c577ee21
        - key: os.type
          value:
            stringValue: linux
        - key: server.address
          value:
            stringValue: 172.18.0.2
        - key: server.port
          value:
            stringValue: "6443"
        - key: service.instance.id
          value:
            stringValue: 172.18.0.2:6443
        - key: service.name
          value:
            stringValue: kubernetes-apiserver
        - key: url.scheme
          value:
            stringValue: https
    schemaUrl: https://opentelemetry.io/schemas/1.6.1
    scopeMetrics:
      - metrics:
          - description: '[STABLE] Response size distribution in bytes for each group, version, verb, resource, subresource, scope and component.'
            histogram:
              aggregationTemporality: 2
              dataPoints:
                - attributes:
                    - key: subresource
                      value:
                        stringValue: /healthz
                    - key: verb
                      value:
                        stringValue: GET
                  bucketCounts:
                    - "2"
                    - "3"
                    - "0"
                    - "0"
                    - "0"
                    - "0"
                    - "0"
                    - "0"
                  count: "5"
                  explicitBounds:
                    - 1000
                    - 10000
                    - 100000
                    - 1e+06
                    - 1e+07
                    - 1e+08
                    - 1e+09
                  startTimeUnixNano: "1000000"
                  sum: 3703
                  timeUnixNano: "1000000"
            metadata:
              - key: prometheus.type
                value:
                  stringValue: histogram
            name: apiserver_response_sizes
          - description: '[STABLE] Response latency distribution in seconds for each verb, dry run value, group, version, resource, subresource, scope and component.'
            histogram:
              aggregationTemporality: 2
              dataPoints:
                - attributes:
                    - key: subresource
                      value:
                        stringValue: /healthz
                    - key: verb
                      value:
                        stringValue: GET
                  bucketCounts:
                    - "5"
                    - "0"
                    - "0"
                    - "0"
                    - "0"
                    - "0"
                    - "0"
                    - "0"
                    - "0"
                    - "0"
                    - "0"
                    - "0"
                    - "0"
                    - "0"
                    - "0"
                    - "0"
                    - "0"
                    - "0"
                    - "0"
                    - "0"
                    - "0"
                    - "0"
                    - "0"
                    - "0"
                  count: "5"
                  explicitBounds:
                    - 0.005
                    - 0.025
                    - 0.05
                    - 0.1
                    - 0.2
                    - 0.4
                    - 0.6
                    - 0.8
                    - 1
                    - 1.25
                    - 1.5
                    - 2
                    - 3
                    - 4
                    - 5
                    - 6
                    - 8
                    - 10
                    - 15
                    - 20
                    - 30
                    - 45
                    - 60
                  startTimeUnixNano: "1000000"
                  sum: 0.004476875
                  timeUnixNano: "1000000"
            metadata:
              - key: prometheus.type
                value:
                  stringValue: histogram
            name: apiserver_request_duration_seconds
          - description: '[ALPHA] Request latency in seconds. Broken down by verb, and host.'
            histogram:
              aggregationTemporality: 2
              dataPoints:
                - attributes:
                    - key: host
                      value:
                        stringValue: '[::1]:6443'
                    - key: verb
                      value:
                        stringValue: GET
                  bucketCounts:
                    - "223"
                    - "22"
                    - "0"
                    - "0"
                    - "0"
                    - "0"
                    - "0"
                    - "0"
                    - "0"
                    - "0"
                    - "0"
                    - "0"
                    - "0"
                  count: "245"
                  explicitBounds:
                    - 0.005
                    - 0.025
                    - 0.1
                    - 0.25
                    - 0.5
                    - 1
                    - 2
                    - 4
                    - 8
                    - 15
                    - 30
                    - 60
                  startTimeUnixNano: "1000000"
                  sum: 0.3711183309999999
                  timeUnixNano: "1000000"
            metadata:
              - key: prometheus.type
                value:
                  stringValue: histogram
            name: rest_client_request_duration_seconds
        scope:
          name: github.com/open-telemetry/opentelemetry-collector-contrib/receiver/prometheusreceiver
          version: v0.127.0
