resourceMetrics:
  - resource:
      attributes:
        - key: host.name
          value:
            stringValue: kind-control-plane
        - key: k8s.cluster.name
          value:
            stringValue: sock
        - key: k8s.namespace.name
          value:
            stringValue: kube-system
        - key: k8s.node.name
          value:
            stringValue: kind-control-plane
        - key: k8s.pod.name
          value:
            stringValue: kube-proxy-rskgk
        - key: k8s.pod.uid
          value:
            stringValue: ef4f54aa-6870-4e1c-b410-842eb1b64913
        - key: os.type
          value:
            stringValue: linux
        - key: server.address
          value:
            stringValue: 172.18.0.2
        - key: server.port
          value:
            stringValue: "10249"
        - key: service.instance.id
          value:
            stringValue: 172.18.0.2:10249
        - key: service.name
          value:
            stringValue: kubernetes-proxy
        - key: url.scheme
          value:
            stringValue: http
    schemaUrl: https://opentelemetry.io/schemas/1.6.1
    scopeMetrics:
      - metrics:
          - description: Distribution individual GC-related stop-the-world pause latencies.
            histogram:
              aggregationTemporality: 2
              dataPoints:
                - bucketCounts:
                    - "0"
                    - "0"
                    - "0"
                    - "0"
                    - "0"
                    - "1"
                    - "3"
                    - "4"
                    - "1"
                    - "0"
                    - "0"
                  count: "9"
                  explicitBounds:
                    - -5e-324
                    - 9.999999999999999e-10
                    - 9.999999999999999e-09
                    - 9.999999999999998e-08
                    - 1.0239999999999999e-06
                    - 1.0239999999999999e-05
                    - 0.00010239999999999998
                    - 0.0010485759999999998
                    - 0.010485759999999998
                    - 0.10485759999999998
                  startTimeUnixNano: "1000000"
                  sum: NaN
                  timeUnixNano: "1000000"
            metadata:
              - key: prometheus.type
                value:
                  stringValue: histogram
            name: go_gc_pauses_seconds_total
          - description: '[ALPHA] Request size in bytes. Broken down by verb and host.'
            histogram:
              aggregationTemporality: 2
              dataPoints:
                - attributes:
                    - key: host
                      value:
                        stringValue: kind-control-plane:6443
                    - key: verb
                      value:
                        stringValue: GET
                  bucketCounts:
                    - "4"
                    - "0"
                    - "0"
                    - "0"
                    - "0"
                    - "0"
                    - "0"
                    - "0"
                    - "0"
                    - "0"
                    - "0"
                    - "0"
                  count: "4"
                  explicitBounds:
                    - 64
                    - 256
                    - 512
                    - 1024
                    - 4096
                    - 16384
                    - 65536
                    - 262144
                    - 1.048576e+06
                    - 4.194304e+06
                    - 1.6777216e+07
                  startTimeUnixNano: "1000000"
                  sum: 0
                  timeUnixNano: "1000000"
            metadata:
              - key: prometheus.type
                value:
                  stringValue: histogram
            name: rest_client_request_size_bytes
          - description: '[ALPHA] Response size in bytes. Broken down by verb and host.'
            histogram:
              aggregationTemporality: 2
              dataPoints:
                - attributes:
                    - key: host
                      value:
                        stringValue: kind-control-plane:6443
                    - key: verb
                      value:
                        stringValue: GET
                  bucketCounts:
                    - "0"
                    - "0"
                    - "0"
                    - "0"
                    - "4"
                    - "0"
                    - "0"
                    - "0"
                    - "0"
                    - "0"
                    - "0"
                    - "0"
                  count: "4"
                  explicitBounds:
                    - 64
                    - 256
                    - 512
                    - 1024
                    - 4096
                    - 16384
                    - 65536
                    - 262144
                    - 1.048576e+06
                    - 4.194304e+06
                    - 1.6777216e+07
                  startTimeUnixNano: "1000000"
                  sum: 10752
                  timeUnixNano: "1000000"
            metadata:
              - key: prometheus.type
                value:
                  stringValue: histogram
            name: rest_client_response_size_bytes
          - description: Distribution of the time goroutines have spent in the scheduler in a runnable state before actually running.
            histogram:
              aggregationTemporality: 2
              dataPoints:
                - bucketCounts:
                    - "0"
                    - "787"
                    - "0"
                    - "108"
                    - "89"
                    - "10"
                    - "69"
                    - "97"
                    - "7"
                    - "0"
                    - "0"
                  count: "1167"
                  explicitBounds:
                    - -5e-324
                    - 9.999999999999999e-10
                    - 9.999999999999999e-09
                    - 9.999999999999998e-08
                    - 1.0239999999999999e-06
                    - 1.0239999999999999e-05
                    - 0.00010239999999999998
                    - 0.0010485759999999998
                    - 0.010485759999999998
                    - 0.10485759999999998
                  startTimeUnixNano: "1000000"
                  sum: NaN
                  timeUnixNano: "1000000"
            metadata:
              - key: prometheus.type
                value:
                  stringValue: histogram
            name: go_sched_latencies_seconds
          - description: Distribution of heap allocations by approximate size. Note that this does not include tiny objects as defined by /gc/heap/tiny/allocs:objects, only tiny blocks.
            histogram:
              aggregationTemporality: 2
              dataPoints:
                - bucketCounts:
                    - "2705"
                    - "20319"
                    - "13393"
                    - "13282"
                    - "4098"
                    - "2127"
                    - "1004"
                    - "232"
                    - "134"
                    - "62"
                    - "25"
                    - "21"
                  count: "57402"
                  explicitBounds:
                    - 8.999999999999998
                    - 24.999999999999996
                    - 64.99999999999999
                    - 144.99999999999997
                    - 320.99999999999994
                    - 704.9999999999999
                    - 1536.9999999999998
                    - 3200.9999999999995
                    - 6528.999999999999
                    - 13568.999999999998
                    - 27264.999999999996
                  startTimeUnixNano: "1000000"
                  sum: 8.894376e+06
                  timeUnixNano: "1000000"
            metadata:
              - key: prometheus.type
                value:
                  stringValue: histogram
            name: go_gc_heap_allocs_by_size_bytes_total
          - description: Distribution of freed heap allocations by approximate size. Note that this does not include tiny objects as defined by /gc/heap/tiny/allocs:objects, only tiny blocks.
            histogram:
              aggregationTemporality: 2
              dataPoints:
                - bucketCounts:
                    - "1793"
                    - "13060"
                    - "7712"
                    - "10717"
                    - "1941"
                    - "1011"
                    - "531"
                    - "115"
                    - "77"
                    - "21"
                    - "8"
                    - "10"
                  count: "36996"
                  explicitBounds:
                    - 8.999999999999998
                    - 24.999999999999996
                    - 64.99999999999999
                    - 144.99999999999997
                    - 320.99999999999994
                    - 704.9999999999999
                    - 1536.9999999999998
                    - 3200.9999999999995
                    - 6528.999999999999
                    - 13568.999999999998
                    - 27264.999999999996
                  startTimeUnixNano: "1000000"
                  sum: 4.79248e+06
                  timeUnixNano: "1000000"
            metadata:
              - key: prometheus.type
                value:
                  stringValue: histogram
            name: go_gc_heap_frees_by_size_bytes_total
          - description: '[ALPHA] Request latency in seconds. Broken down by verb, and host.'
            histogram:
              aggregationTemporality: 2
              dataPoints:
                - attributes:
                    - key: host
                      value:
                        stringValue: kind-control-plane:6443
                    - key: verb
                      value:
                        stringValue: GET
                  bucketCounts:
                    - "2"
                    - "2"
                    - "0"
                    - "0"
                    - "0"
                    - "0"
                    - "0"
                    - "0"
                    - "0"
                    - "0"
                    - "0"
                    - "0"
                    - "0"
                  count: "4"
                  explicitBounds:
                    - 0.005
                    - 0.025
                    - 0.1
                    - 0.25
                    - 0.5
                    - 1
                    - 2
                    - 4
                    - 8
                    - 15
                    - 30
                    - 60
                  startTimeUnixNano: "1000000"
                  sum: 0.017718917
                  timeUnixNano: "1000000"
            metadata:
              - key: prometheus.type
                value:
                  stringValue: histogram
            name: rest_client_request_duration_seconds
          - description: '[ALPHA] In Cluster Network Programming Latency in seconds'
            histogram:
              aggregationTemporality: 2
              dataPoints:
                - bucketCounts:
                    - "0"
                    - "3"
                    - "0"
                    - "0"
                    - "2"
                    - "0"
                    - "1"
                    - "0"
                    - "0"
                    - "0"
                    - "0"
                    - "0"
                    - "0"
                    - "0"
                    - "0"
                    - "0"
                    - "0"
                    - "0"
                    - "0"
                    - "0"
                    - "0"
                    - "0"
                    - "0"
                    - "0"
                    - "0"
                    - "0"
                    - "0"
                    - "0"
                    - "0"
                    - "0"
                    - "0"
                    - "0"
                    - "0"
                    - "0"
                    - "0"
                    - "0"
                    - "0"
                    - "0"
                    - "0"
                    - "0"
                    - "0"
                    - "0"
                    - "0"
                    - "0"
                    - "0"
                    - "0"
                    - "0"
                    - "0"
                    - "0"
                    - "0"
                    - "0"
                    - "0"
                    - "0"
                    - "0"
                    - "0"
                    - "0"
                    - "0"
                    - "0"
                    - "0"
                    - "0"
                    - "0"
                    - "0"
                    - "0"
                    - "0"
                    - "0"
                    - "0"
                    - "0"
                    - "0"
                    - "0"
                    - "0"
                    - "0"
                    - "0"
                    - "0"
                    - "0"
                    - "0"
                    - "0"
                    - "0"
                    - "0"
                    - "0"
                    - "0"
                    - "0"
                    - "0"
                  count: "6"
                  explicitBounds:
                    - 0
                    - 0.25
                    - 0.5
                    - 1
                    - 2
                    - 3
                    - 4
                    - 5
                    - 6
                    - 7
                    - 8
                    - 9
                    - 10
                    - 11
                    - 12
                    - 13
                    - 14
                    - 15
                    - 16
                    - 17
                    - 18
                    - 19
                    - 20
                    - 21
                    - 22
                    - 23
                    - 24
                    - 25
                    - 26
                    - 27
                    - 28
                    - 29
                    - 30
                    - 31
                    - 32
                    - 33
                    - 34
                    - 35
                    - 36
                    - 37
                    - 38
                    - 39
                    - 40
                    - 41
                    - 42
                    - 43
                    - 44
                    - 45
                    - 46
                    - 47
                    - 48
                    - 49
                    - 50
                    - 51
                    - 52
                    - 53
                    - 54
                    - 55
                    - 56
                    - 57
                    - 58
                    - 59
                    - 60
                    - 65
                    - 70
                    - 75
                    - 80
                    - 85
                    - 90
                    - 95
                    - 100
                    - 105
                    - 110
                    - 115
                    - 120
                    - 150
                    - 180
                    - 210
                    - 240
                    - 270
                    - 300
                  startTimeUnixNano: "1000000"
                  sum: 5.800715272000001
                  timeUnixNano: "1000000"
            metadata:
              - key: prometheus.type
                value:
                  stringValue: histogram
            name: kubeproxy_network_programming_duration_seconds
          - description: '[ALPHA] Client side rate limiter latency in seconds. Broken down by verb, and host.'
            histogram:
              aggregationTemporality: 2
              dataPoints:
                - attributes:
                    - key: host
                      value:
                        stringValue: kind-control-plane:6443
                    - key: verb
                      value:
                        stringValue: GET
                  bucketCounts:
                    - "4"
                    - "0"
                    - "0"
                    - "0"
                    - "0"
                    - "0"
                    - "0"
                    - "0"
                    - "0"
                    - "0"
                    - "0"
                    - "0"
                    - "0"
                  count: "4"
                  explicitBounds:
                    - 0.005
                    - 0.025
                    - 0.1
                    - 0.25
                    - 0.5
                    - 1
                    - 2
                    - 4
                    - 8
                    - 15
                    - 30
                    - 60
                  startTimeUnixNano: "1000000"
                  sum: 5.99e-06
                  timeUnixNano: "1000000"
            metadata:
              - key: prometheus.type
                value:
                  stringValue: histogram
            name: rest_client_rate_limiter_duration_seconds
          - description: '[ALPHA] Histogram of the number of seconds the last auth exec plugin client certificate lived before being rotated. If auth exec plugin client certificates are unused, histogram will contain no data.'
            histogram:
              aggregationTemporality: 2
              dataPoints:
                - bucketCounts:
                    - "0"
                    - "0"
                    - "0"
                    - "0"
                    - "0"
                    - "0"
                    - "0"
                    - "0"
                    - "0"
                    - "0"
                    - "0"
                    - "0"
                  explicitBounds:
                    - 600
                    - 1800
                    - 3600
                    - 14400
                    - 86400
                    - 604800
                    - 2.592e+06
                    - 7.776e+06
                    - 1.5552e+07
                    - 3.1104e+07
                    - 1.24416e+08
                  startTimeUnixNano: "1000000"
                  sum: 0
                  timeUnixNano: "1000000"
            metadata:
              - key: prometheus.type
                value:
                  stringValue: histogram
            name: rest_client_exec_plugin_certificate_rotation_age
          - description: '[ALPHA] SyncProxyRules latency in seconds'
            histogram:
              aggregationTemporality: 2
              dataPoints:
                - bucketCounts:
                    - "0"
                    - "0"
                    - "0"
                    - "0"
                    - "0"
                    - "0"
                    - "7"
                    - "1"
                    - "0"
                    - "0"
                    - "0"
                    - "0"
                    - "0"
                    - "0"
                    - "0"
                    - "0"
                  count: "8"
                  explicitBounds:
                    - 0.001
                    - 0.002
                    - 0.004
                    - 0.008
                    - 0.016
                    - 0.032
                    - 0.064
                    - 0.128
                    - 0.256
                    - 0.512
                    - 1.024
                    - 2.048
                    - 4.096
                    - 8.192
                    - 16.384
                  startTimeUnixNano: "1000000"
                  sum: 0.406131734
                  timeUnixNano: "1000000"
            metadata:
              - key: prometheus.type
                value:
                  stringValue: histogram
            name: kubeproxy_sync_proxy_rules_duration_seconds
        scope:
          name: github.com/open-telemetry/opentelemetry-collector-contrib/receiver/prometheusreceiver
          version: v0.120.0
