resourceMetrics:
  - resource:
      attributes:
        - key: host.name
          value:
            stringValue: kind-control-plane
        - key: http.scheme
          value:
            stringValue: https
        - key: k8s.cluster.name
          value:
            stringValue: sock
        - key: k8s.namespace.name
          value:
            stringValue: kube-system
        - key: k8s.node.name
          value:
            stringValue: kind-control-plane
        - key: k8s.pod.name
          value:
            stringValue: kube-scheduler-kind-control-plane
        - key: k8s.pod.uid
          value:
            stringValue: 45f2fee6-0e18-4f50-9ac4-f3406863b3f3
        - key: net.host.name
          value:
            stringValue: 172.18.0.2
        - key: net.host.port
          value:
            stringValue: "10259"
        - key: os.type
          value:
            stringValue: linux
        - key: server.address
          value:
            stringValue: 172.18.0.2
        - key: server.port
          value:
            stringValue: "10259"
        - key: service.instance.id
          value:
            stringValue: 172.18.0.2:10259
        - key: service.name
          value:
            stringValue: kubernetes-scheduler
        - key: url.scheme
          value:
            stringValue: https
    schemaUrl: https://opentelemetry.io/schemas/1.6.1
    scopeMetrics:
      - metrics:
          - description: '[ALPHA] Histogram of the number of seconds the last auth exec plugin client certificate lived before being rotated. If auth exec plugin client certificates are unused, histogram will contain no data.'
            histogram:
              aggregationTemporality: 2
              dataPoints:
                - bucketCounts:
                    - "0"
                    - "0"
                    - "0"
                    - "0"
                    - "0"
                    - "0"
                    - "0"
                    - "0"
                    - "0"
                    - "0"
                    - "0"
                    - "0"
                  explicitBounds:
                    - 600
                    - 1800
                    - 3600
                    - 14400
                    - 86400
                    - 604800
                    - 2.592e+06
                    - 7.776e+06
                    - 1.5552e+07
                    - 3.1104e+07
                    - 1.24416e+08
                  startTimeUnixNano: "1000000"
                  sum: 0
                  timeUnixNano: "1000000"
            metadata:
              - key: prometheus.type
                value:
                  stringValue: histogram
            name: rest_client_exec_plugin_certificate_rotation_age
          - description: Distribution of the time goroutines have spent in the scheduler in a runnable state before actually running.
            histogram:
              aggregationTemporality: 2
              dataPoints:
                - bucketCounts:
                    - "0"
                    - "631"
                    - "0"
                    - "529"
                    - "246"
                    - "146"
                    - "297"
                    - "95"
                    - "6"
                    - "0"
                    - "0"
                  count: "1950"
                  explicitBounds:
                    - -5e-324
                    - 9.999999999999999e-10
                    - 9.999999999999999e-09
                    - 9.999999999999998e-08
                    - 1.0239999999999999e-06
                    - 1.0239999999999999e-05
                    - 0.00010239999999999998
                    - 0.0010485759999999998
                    - 0.010485759999999998
                    - 0.10485759999999998
                  startTimeUnixNano: "1000000"
                  sum: NaN
                  timeUnixNano: "1000000"
            metadata:
              - key: prometheus.type
                value:
                  stringValue: histogram
            name: go_sched_latencies_seconds
          - description: '[ALPHA] Request latency in seconds. Broken down by status code.'
            histogram:
              aggregationTemporality: 2
              dataPoints:
                - attributes:
                    - key: code
                      value:
                        stringValue: "201"
                  bucketCounts:
                    - "1"
                    - "0"
                    - "0"
                    - "0"
                    - "0"
                    - "0"
                    - "0"
                    - "0"
                    - "0"
                  count: "1"
                  explicitBounds:
                    - 0.25
                    - 0.5
                    - 0.7
                    - 1
                    - 1.5
                    - 3
                    - 5
                    - 10
                  startTimeUnixNano: "1000000"
                  sum: 0.001587099
                  timeUnixNano: "1000000"
            metadata:
              - key: prometheus.type
                value:
                  stringValue: histogram
            name: apiserver_delegated_authz_request_duration_seconds
          - description: '[ALPHA] Response size in bytes. Broken down by verb and host.'
            histogram:
              aggregationTemporality: 2
              dataPoints:
                - attributes:
                    - key: host
                      value:
                        stringValue: 172.18.0.2:6443
                    - key: verb
                      value:
                        stringValue: GET
                  bucketCounts:
                    - "9"
                    - "20"
                    - "64"
                    - "1"
                    - "4"
                    - "0"
                    - "0"
                    - "0"
                    - "0"
                    - "0"
                    - "0"
                    - "0"
                  count: "98"
                  explicitBounds:
                    - 64
                    - 256
                    - 512
                    - 1024
                    - 4096
                    - 16384
                    - 65536
                    - 262144
                    - 1.048576e+06
                    - 4.194304e+06
                    - 1.6777216e+07
                  startTimeUnixNano: "1000000"
                  sum: 41118
                  timeUnixNano: "1000000"
            metadata:
              - key: prometheus.type
                value:
                  stringValue: histogram
            name: rest_client_response_size_bytes
          - description: '[STABLE] Latency for running all plugins of a specific extension point.'
            histogram:
              aggregationTemporality: 2
              dataPoints:
                - attributes:
                    - key: extension_point
                      value:
                        stringValue: Bind
                    - key: profile
                      value:
                        stringValue: default-scheduler
                    - key: status
                      value:
                        stringValue: Success
                  bucketCounts:
                    - "0"
                    - "0"
                    - "0"
                    - "0"
                    - "0"
                    - "0"
                    - "5"
                    - "1"
                    - "0"
                    - "0"
                    - "0"
                    - "0"
                    - "0"
                  count: "6"
                  explicitBounds:
                    - 0.0001
                    - 0.0002
                    - 0.0004
                    - 0.0008
                    - 0.0016
                    - 0.0032
                    - 0.0064
                    - 0.0128
                    - 0.0256
                    - 0.0512
                    - 0.1024
                    - 0.2048
                  startTimeUnixNano: "1000000"
                  sum: 0.033231157000000004
                  timeUnixNano: "1000000"
            metadata:
              - key: prometheus.type
                value:
                  stringValue: histogram
            name: scheduler_framework_extension_point_duration_seconds
          - description: '[ALPHA] Scheduling algorithm latency in seconds'
            histogram:
              aggregationTemporality: 2
              dataPoints:
                - bucketCounts:
                    - "6"
                    - "0"
                    - "0"
                    - "0"
                    - "0"
                    - "0"
                    - "0"
                    - "0"
                    - "0"
                    - "0"
                    - "0"
                    - "0"
                    - "0"
                    - "0"
                    - "0"
                    - "0"
                  count: "6"
                  explicitBounds:
                    - 0.001
                    - 0.002
                    - 0.004
                    - 0.008
                    - 0.016
                    - 0.032
                    - 0.064
                    - 0.128
                    - 0.256
                    - 0.512
                    - 1.024
                    - 2.048
                    - 4.096
                    - 8.192
                    - 16.384
                  startTimeUnixNano: "1000000"
                  sum: 0.00067796
                  timeUnixNano: "1000000"
            metadata:
              - key: prometheus.type
                value:
                  stringValue: histogram
            name: scheduler_scheduling_algorithm_duration_seconds
          - description: Distribution individual GC-related stop-the-world pause latencies.
            histogram:
              aggregationTemporality: 2
              dataPoints:
                - bucketCounts:
                    - "0"
                    - "0"
                    - "0"
                    - "0"
                    - "0"
                    - "2"
                    - "8"
                    - "11"
                    - "1"
                    - "0"
                    - "0"
                  count: "22"
                  explicitBounds:
                    - -5e-324
                    - 9.999999999999999e-10
                    - 9.999999999999999e-09
                    - 9.999999999999998e-08
                    - 1.0239999999999999e-06
                    - 1.0239999999999999e-05
                    - 0.00010239999999999998
                    - 0.0010485759999999998
                    - 0.010485759999999998
                    - 0.10485759999999998
                  startTimeUnixNano: "1000000"
                  sum: NaN
                  timeUnixNano: "1000000"
            metadata:
              - key: prometheus.type
                value:
                  stringValue: histogram
            name: go_gc_pauses_seconds_total
          - description: Distribution of heap allocations by approximate size. Note that this does not include tiny objects as defined by /gc/heap/tiny/allocs:objects, only tiny blocks.
            histogram:
              aggregationTemporality: 2
              dataPoints:
                - bucketCounts:
                    - "5316"
                    - "54451"
                    - "42758"
                    - "31661"
                    - "36702"
                    - "4370"
                    - "1252"
                    - "594"
                    - "1141"
                    - "142"
                    - "50"
                    - "54"
                  count: "178491"
                  explicitBounds:
                    - 8.999999999999998
                    - 24.999999999999996
                    - 64.99999999999999
                    - 144.99999999999997
                    - 320.99999999999994
                    - 704.9999999999999
                    - 1536.9999999999998
                    - 3200.9999999999995
                    - 6528.999999999999
                    - 13568.999999999998
                    - 27264.999999999996
                  startTimeUnixNano: "1000000"
                  sum: 3.105916e+07
                  timeUnixNano: "1000000"
            metadata:
              - key: prometheus.type
                value:
                  stringValue: histogram
            name: go_gc_heap_allocs_by_size_bytes_total
          - description: '[ALPHA] Request latency in seconds. Broken down by verb, and host.'
            histogram:
              aggregationTemporality: 2
              dataPoints:
                - attributes:
                    - key: host
                      value:
                        stringValue: 172.18.0.2:6443
                    - key: verb
                      value:
                        stringValue: GET
                  bucketCounts:
                    - "89"
                    - "6"
                    - "0"
                    - "1"
                    - "0"
                    - "1"
                    - "0"
                    - "0"
                    - "1"
                    - "0"
                    - "0"
                    - "0"
                    - "0"
                  count: "98"
                  explicitBounds:
                    - 0.005
                    - 0.025
                    - 0.1
                    - 0.25
                    - 0.5
                    - 1
                    - 2
                    - 4
                    - 8
                    - 15
                    - 30
                    - 60
                  startTimeUnixNano: "1000000"
                  sum: 5.160974545000003
                  timeUnixNano: "1000000"
            metadata:
              - key: prometheus.type
                value:
                  stringValue: histogram
            name: rest_client_request_duration_seconds
          - description: '[ALPHA] How long in seconds processing an item from workqueue takes.'
            histogram:
              aggregationTemporality: 2
              dataPoints:
                - attributes:
                    - key: name
                      value:
                        stringValue: DynamicConfigMapCABundle-client-ca
                  bucketCounts:
                    - "0"
                    - "0"
                    - "0"
                    - "1"
                    - "1"
                    - "1"
                    - "0"
                    - "0"
                    - "0"
                    - "0"
                    - "0"
                  count: "3"
                  explicitBounds:
                    - 1e-08
                    - 1e-07
                    - 1e-06
                    - 9.999999999999999e-06
                    - 9.999999999999999e-05
                    - 0.001
                    - 0.01
                    - 0.1
                    - 1
                    - 10
                  startTimeUnixNano: "1000000"
                  sum: 0.00012285399999999999
                  timeUnixNano: "1000000"
            metadata:
              - key: prometheus.type
                value:
                  stringValue: histogram
            name: workqueue_work_duration_seconds
          - description: '[STABLE] Scheduling attempt latency in seconds (scheduling algorithm + binding)'
            histogram:
              aggregationTemporality: 2
              dataPoints:
                - attributes:
                    - key: profile
                      value:
                        stringValue: default-scheduler
                    - key: result
                      value:
                        stringValue: scheduled
                  bucketCounts:
                    - "0"
                    - "0"
                    - "0"
                    - "5"
                    - "1"
                    - "0"
                    - "0"
                    - "0"
                    - "0"
                    - "0"
                    - "0"
                    - "0"
                    - "0"
                    - "0"
                    - "0"
                    - "0"
                  count: "6"
                  explicitBounds:
                    - 0.001
                    - 0.002
                    - 0.004
                    - 0.008
                    - 0.016
                    - 0.032
                    - 0.064
                    - 0.128
                    - 0.256
                    - 0.512
                    - 1.024
                    - 2.048
                    - 4.096
                    - 8.192
                    - 16.384
                  startTimeUnixNano: "1000000"
                  sum: 0.035004977
                  timeUnixNano: "1000000"
            metadata:
              - key: prometheus.type
                value:
                  stringValue: histogram
            name: scheduler_scheduling_attempt_duration_seconds
          - description: '[ALPHA] Latencies in seconds of data encryption key(DEK) generation operations.'
            histogram:
              aggregationTemporality: 2
              dataPoints:
                - bucketCounts:
                    - "0"
                    - "0"
                    - "0"
                    - "0"
                    - "0"
                    - "0"
                    - "0"
                    - "0"
                    - "0"
                    - "0"
                    - "0"
                    - "0"
                    - "0"
                    - "0"
                    - "0"
                  explicitBounds:
                    - 5e-06
                    - 1e-05
                    - 2e-05
                    - 4e-05
                    - 8e-05
                    - 0.00016
                    - 0.00032
                    - 0.00064
                    - 0.00128
                    - 0.00256
                    - 0.00512
                    - 0.01024
                    - 0.02048
                    - 0.04096
                  startTimeUnixNano: "1000000"
                  sum: 0
                  timeUnixNano: "1000000"
            metadata:
              - key: prometheus.type
                value:
                  stringValue: histogram
            name: apiserver_storage_data_key_generation_duration_seconds
          - description: Distribution of freed heap allocations by approximate size. Note that this does not include tiny objects as defined by /gc/heap/tiny/allocs:objects, only tiny blocks.
            histogram:
              aggregationTemporality: 2
              dataPoints:
                - bucketCounts:
                    - "3172"
                    - "43421"
                    - "34623"
                    - "28044"
                    - "34336"
                    - "3268"
                    - "968"
                    - "387"
                    - "1043"
                    - "85"
                    - "13"
                    - "38"
                  count: "149398"
                  explicitBounds:
                    - 8.999999999999998
                    - 24.999999999999996
                    - 64.99999999999999
                    - 144.99999999999997
                    - 320.99999999999994
                    - 704.9999999999999
                    - 1536.9999999999998
                    - 3200.9999999999995
                    - 6528.999999999999
                    - 13568.999999999998
                    - 27264.999999999996
                  startTimeUnixNano: "1000000"
                  sum: 2.5292088e+07
                  timeUnixNano: "1000000"
            metadata:
              - key: prometheus.type
                value:
                  stringValue: histogram
            name: go_gc_heap_frees_by_size_bytes_total
          - description: '[ALPHA] Authentication duration in seconds broken out by result.'
            histogram:
              aggregationTemporality: 2
              dataPoints:
                - attributes:
                    - key: result
                      value:
                        stringValue: success
                  bucketCounts:
                    - "12"
                    - "0"
                    - "0"
                    - "0"
                    - "0"
                    - "0"
                    - "0"
                    - "0"
                    - "0"
                    - "0"
                    - "0"
                    - "0"
                    - "0"
                    - "0"
                    - "0"
                    - "0"
                  count: "12"
                  explicitBounds:
                    - 0.001
                    - 0.002
                    - 0.004
                    - 0.008
                    - 0.016
                    - 0.032
                    - 0.064
                    - 0.128
                    - 0.256
                    - 0.512
                    - 1.024
                    - 2.048
                    - 4.096
                    - 8.192
                    - 16.384
                  startTimeUnixNano: "1000000"
                  sum: 0.000556117
                  timeUnixNano: "1000000"
            metadata:
              - key: prometheus.type
                value:
                  stringValue: histogram
            name: authentication_duration_seconds
          - description: '[STABLE] Number of selected preemption victims'
            histogram:
              aggregationTemporality: 2
              dataPoints:
                - bucketCounts:
                    - "0"
                    - "0"
                    - "0"
                    - "0"
                    - "0"
                    - "0"
                    - "0"
                    - "0"
                    - "0"
                    - "0"
                    - "0"
                  explicitBounds:
                    - 5
                    - 10
                    - 15
                    - 20
                    - 25
                    - 30
                    - 35
                    - 40
                    - 45
                    - 50
                  startTimeUnixNano: "1000000"
                  sum: 0
                  timeUnixNano: "1000000"
            metadata:
              - key: prometheus.type
                value:
                  stringValue: histogram
            name: scheduler_preemption_victims
          - description: '[ALPHA] How long in seconds an item stays in workqueue before being requested.'
            histogram:
              aggregationTemporality: 2
              dataPoints:
                - attributes:
                    - key: name
                      value:
                        stringValue: DynamicConfigMapCABundle-client-ca
                  bucketCounts:
                    - "0"
                    - "0"
                    - "0"
                    - "0"
                    - "1"
                    - "1"
                    - "0"
                    - "1"
                    - "0"
                    - "0"
                    - "0"
                  count: "3"
                  explicitBounds:
                    - 1e-08
                    - 1e-07
                    - 1e-06
                    - 9.999999999999999e-06
                    - 9.999999999999999e-05
                    - 0.001
                    - 0.01
                    - 0.1
                    - 1
                    - 10
                  startTimeUnixNano: "1000000"
                  sum: 0.097573284
                  timeUnixNano: "1000000"
            metadata:
              - key: prometheus.type
                value:
                  stringValue: histogram
            name: workqueue_queue_duration_seconds
          - description: '[ALPHA] Distribution of the remaining lifetime on the certificate used to authenticate a request.'
            histogram:
              aggregationTemporality: 2
              dataPoints:
                - bucketCounts:
                    - "0"
                    - "0"
                    - "0"
                    - "0"
                    - "0"
                    - "0"
                    - "0"
                    - "0"
                    - "0"
                    - "0"
                    - "0"
                    - "0"
                    - "0"
                    - "0"
                    - "0"
                  explicitBounds:
                    - 0
                    - 1800
                    - 3600
                    - 7200
                    - 21600
                    - 43200
                    - 86400
                    - 172800
                    - 345600
                    - 604800
                    - 2.592e+06
                    - 7.776e+06
                    - 1.5552e+07
                    - 3.1104e+07
                  startTimeUnixNano: "1000000"
                  sum: 0
                  timeUnixNano: "1000000"
            metadata:
              - key: prometheus.type
                value:
                  stringValue: histogram
            name: apiserver_client_certificate_expiration_seconds
          - description: '[STABLE] E2e latency for a pod being scheduled which may include multiple scheduling attempts.'
            histogram:
              aggregationTemporality: 2
              dataPoints:
                - attributes:
                    - key: attempts
                      value:
                        stringValue: "1"
                  bucketCounts:
                    - "3"
                    - "0"
                    - "0"
                    - "0"
                    - "0"
                    - "0"
                    - "0"
                    - "0"
                    - "0"
                    - "0"
                    - "0"
                    - "0"
                    - "0"
                    - "0"
                    - "0"
                    - "0"
                    - "0"
                    - "0"
                    - "0"
                    - "0"
                    - "0"
                  count: "3"
                  explicitBounds:
                    - 0.01
                    - 0.02
                    - 0.04
                    - 0.08
                    - 0.16
                    - 0.32
                    - 0.64
                    - 1.28
                    - 2.56
                    - 5.12
                    - 10.24
                    - 20.48
                    - 40.96
                    - 81.92
                    - 163.84
                    - 327.68
                    - 655.36
                    - 1310.72
                    - 2621.44
                    - 5242.88
                  startTimeUnixNano: "1000000"
                  sum: 0.020000367
                  timeUnixNano: "1000000"
            metadata:
              - key: prometheus.type
                value:
                  stringValue: histogram
            name: scheduler_pod_scheduling_duration_seconds
          - description: '[ALPHA] Request latency in seconds. Broken down by status code.'
            histogram:
              aggregationTemporality: 2
              dataPoints:
                - attributes:
                    - key: code
                      value:
                        stringValue: "201"
                  bucketCounts:
                    - "1"
                    - "0"
                    - "0"
                    - "0"
                    - "0"
                    - "0"
                    - "0"
                    - "0"
                    - "0"
                  count: "1"
                  explicitBounds:
                    - 0.25
                    - 0.5
                    - 0.7
                    - 1
                    - 1.5
                    - 3
                    - 5
                    - 10
                  startTimeUnixNano: "1000000"
                  sum: 0.002316558
                  timeUnixNano: "1000000"
            metadata:
              - key: prometheus.type
                value:
                  stringValue: histogram
            name: apiserver_delegated_authn_request_duration_seconds
          - description: '[ALPHA] '
            histogram:
              aggregationTemporality: 2
              dataPoints:
                - attributes:
                    - key: status
                      value:
                        stringValue: miss
                  bucketCounts:
                    - "1"
                    - "0"
                    - "0"
                    - "0"
                    - "0"
                    - "0"
                    - "0"
                    - "0"
                    - "0"
                    - "0"
                    - "0"
                    - "0"
                  count: "1"
                  explicitBounds:
                    - 0.005
                    - 0.01
                    - 0.025
                    - 0.05
                    - 0.1
                    - 0.25
                    - 0.5
                    - 1
                    - 2.5
                    - 5
                    - 10
                  startTimeUnixNano: "1000000"
                  sum: 0.002
                  timeUnixNano: "1000000"
            metadata:
              - key: prometheus.type
                value:
                  stringValue: histogram
            name: authentication_token_cache_request_duration_seconds
          - description: '[ALPHA] Request size in bytes. Broken down by verb and host.'
            histogram:
              aggregationTemporality: 2
              dataPoints:
                - attributes:
                    - key: host
                      value:
                        stringValue: 172.18.0.2:6443
                    - key: verb
                      value:
                        stringValue: GET
                  bucketCounts:
                    - "98"
                    - "0"
                    - "0"
                    - "0"
                    - "0"
                    - "0"
                    - "0"
                    - "0"
                    - "0"
                    - "0"
                    - "0"
                    - "0"
                  count: "98"
                  explicitBounds:
                    - 64
                    - 256
                    - 512
                    - 1024
                    - 4096
                    - 16384
                    - 65536
                    - 262144
                    - 1.048576e+06
                    - 4.194304e+06
                    - 1.6777216e+07
                  startTimeUnixNano: "1000000"
                  sum: 0
                  timeUnixNano: "1000000"
            metadata:
              - key: prometheus.type
                value:
                  stringValue: histogram
            name: rest_client_request_size_bytes
          - description: '[ALPHA] Client side rate limiter latency in seconds. Broken down by verb, and host.'
            histogram:
              aggregationTemporality: 2
              dataPoints:
                - attributes:
                    - key: host
                      value:
                        stringValue: 172.18.0.2:6443
                    - key: verb
                      value:
                        stringValue: GET
                  bucketCounts:
                    - "98"
                    - "0"
                    - "0"
                    - "0"
                    - "0"
                    - "0"
                    - "0"
                    - "0"
                    - "0"
                    - "0"
                    - "0"
                    - "0"
                    - "0"
                  count: "98"
                  explicitBounds:
                    - 0.005
                    - 0.025
                    - 0.1
                    - 0.25
                    - 0.5
                    - 1
                    - 2
                    - 4
                    - 8
                    - 15
                    - 30
                    - 60
                  startTimeUnixNano: "1000000"
                  sum: 0.00016118500000000002
                  timeUnixNano: "1000000"
            metadata:
              - key: prometheus.type
                value:
                  stringValue: histogram
            name: rest_client_rate_limiter_duration_seconds
          - description: '[STABLE] Number of attempts to successfully schedule a pod.'
            histogram:
              aggregationTemporality: 2
              dataPoints:
                - bucketCounts:
                    - "3"
                    - "3"
                    - "0"
                    - "0"
                    - "0"
                    - "0"
                  count: "6"
                  explicitBounds:
                    - 1
                    - 2
                    - 4
                    - 8
                    - 16
                  startTimeUnixNano: "1000000"
                  sum: 9
                  timeUnixNano: "1000000"
            metadata:
              - key: prometheus.type
                value:
                  stringValue: histogram
            name: scheduler_pod_scheduling_attempts
        scope:
          name: github.com/open-telemetry/opentelemetry-collector-contrib/receiver/prometheusreceiver
          version: v0.120.0
