resourceMetrics:
  - resource:
      attributes:
        - key: host.name
          value:
            stringValue: kind-control-plane
        - key: k8s.cluster.name
          value:
            stringValue: sock
        - key: k8s.namespace.name
          value:
            stringValue: kube-system
        - key: k8s.node.name
          value:
            stringValue: kind-control-plane
        - key: k8s.pod.name
          value:
            stringValue: coredns-76f75df574-lsb7b
        - key: k8s.pod.uid
          value:
            stringValue: 9cc93acf-d1d4-4077-912a-d74ed0d571d3
        - key: os.type
          value:
            stringValue: linux
        - key: server.address
          value:
            stringValue: 10.244.0.3
        - key: server.port
          value:
            stringValue: "9153"
        - key: service.instance.id
          value:
            stringValue: 10.244.0.3:9153
        - key: service.name
          value:
            stringValue: coredns
        - key: url.scheme
          value:
            stringValue: http
    schemaUrl: https://opentelemetry.io/schemas/1.6.1
    scopeMetrics:
      - metrics:
          - description: Histogram of the time (in seconds) each request took per zone.
            histogram:
              aggregationTemporality: 2
              dataPoints:
                - attributes:
                    - key: server
                      value:
                        stringValue: dns://:53
                    - key: zone
                      value:
                        stringValue: .
                  bucketCounts:
                    - "5"
                    - "6"
                    - "3"
                    - "0"
                    - "2"
                    - "0"
                    - "1"
                    - "0"
                    - "0"
                    - "0"
                    - "0"
                    - "0"
                    - "1"
                    - "0"
                    - "0"
                    - "0"
                    - "0"
                  count: "18"
                  explicitBounds:
                    - 0.00025
                    - 0.0005
                    - 0.001
                    - 0.002
                    - 0.004
                    - 0.008
                    - 0.016
                    - 0.032
                    - 0.064
                    - 0.128
                    - 0.256
                    - 0.512
                    - 1.024
                    - 2.048
                    - 4.096
                    - 8.192
                  startTimeUnixNano: "1000000"
                  sum: 0.5405620000000001
                  timeUnixNano: "1000000"
            metadata:
              - key: prometheus.type
                value:
                  stringValue: histogram
            name: coredns_dns_request_duration_seconds
        scope:
          name: github.com/open-telemetry/opentelemetry-collector-contrib/receiver/prometheusreceiver
          version: v0.127.0
