resourceMetrics:
  - resource: {}
    scopeMetrics:
      - metrics:
          - name: kubeproxy_sync_proxy_rules_iptables_restore_failures_total
            sum:
              aggregationTemporality: 2
              dataPoints:
                - asDouble: 0
                  attributes:
                    - key: host.name
                      value:
                        stringValue: kind-control-plane
                    - key: k8s.cluster.name
                      value:
                        stringValue: sock
                    - key: k8s.namespace.name
                      value:
                        stringValue: kube-system
                    - key: k8s.node.name
                      value:
                        stringValue: kind-control-plane
                    - key: k8s.pod.name
                      value:
                        stringValue: kube-proxy-l9rln
                    - key: k8s.pod.uid
                      value:
                        stringValue: 1d0f1724-1126-41ea-903c-9e005eb9bfb8
                    - key: os.type
                      value:
                        stringValue: linux
                    - key: server.address
                      value:
                        stringValue: 172.18.0.2
                    - key: server.port
                      value:
                        stringValue: "10249"
                    - key: service.instance.id
                      value:
                        stringValue: 172.18.0.2:10249
                    - key: service.name
                      value:
                        stringValue: kubernetes-proxy
                    - key: url.scheme
                      value:
                        stringValue: http
                  timeUnixNano: "1000000"
              isMonotonic: true
          - gauge:
              dataPoints:
                - asDouble: 650
                  attributes:
                    - key: host.name
                      value:
                        stringValue: kind-control-plane
                    - key: k8s.cluster.name
                      value:
                        stringValue: sock
                    - key: k8s.namespace.name
                      value:
                        stringValue: kube-system
                    - key: k8s.node.name
                      value:
                        stringValue: kind-control-plane
                    - key: k8s.pod.name
                      value:
                        stringValue: kube-proxy-l9rln
                    - key: k8s.pod.uid
                      value:
                        stringValue: 1d0f1724-1126-41ea-903c-9e005eb9bfb8
                    - key: os.type
                      value:
                        stringValue: linux
                    - key: server.address
                      value:
                        stringValue: 172.18.0.2
                    - key: server.port
                      value:
                        stringValue: "10249"
                    - key: service.instance.id
                      value:
                        stringValue: 172.18.0.2:10249
                    - key: service.name
                      value:
                        stringValue: kubernetes-proxy
                    - key: url.scheme
                      value:
                        stringValue: http
                  timeUnixNano: "1000000"
            name: scrape_samples_scraped
          - gauge:
              dataPoints:
                - asDouble: 105
                  attributes:
                    - key: host.name
                      value:
                        stringValue: kind-control-plane
                    - key: k8s.cluster.name
                      value:
                        stringValue: sock
                    - key: k8s.namespace.name
                      value:
                        stringValue: kube-system
                    - key: k8s.node.name
                      value:
                        stringValue: kind-control-plane
                    - key: k8s.pod.name
                      value:
                        stringValue: kube-proxy-l9rln
                    - key: k8s.pod.uid
                      value:
                        stringValue: 1d0f1724-1126-41ea-903c-9e005eb9bfb8
                    - key: os.type
                      value:
                        stringValue: linux
                    - key: server.address
                      value:
                        stringValue: 172.18.0.2
                    - key: server.port
                      value:
                        stringValue: "10249"
                    - key: service.instance.id
                      value:
                        stringValue: 172.18.0.2:10249
                    - key: service.name
                      value:
                        stringValue: kubernetes-proxy
                    - key: url.scheme
                      value:
                        stringValue: http
                  timeUnixNano: "1000000"
            name: scrape_series_added
          - name: kubeproxy_sync_proxy_rules_service_changes_total
            sum:
              aggregationTemporality: 2
              dataPoints:
                - asDouble: 6
                  attributes:
                    - key: host.name
                      value:
                        stringValue: kind-control-plane
                    - key: k8s.cluster.name
                      value:
                        stringValue: sock
                    - key: k8s.namespace.name
                      value:
                        stringValue: kube-system
                    - key: k8s.node.name
                      value:
                        stringValue: kind-control-plane
                    - key: k8s.pod.name
                      value:
                        stringValue: kube-proxy-l9rln
                    - key: k8s.pod.uid
                      value:
                        stringValue: 1d0f1724-1126-41ea-903c-9e005eb9bfb8
                    - key: os.type
                      value:
                        stringValue: linux
                    - key: server.address
                      value:
                        stringValue: 172.18.0.2
                    - key: server.port
                      value:
                        stringValue: "10249"
                    - key: service.instance.id
                      value:
                        stringValue: 172.18.0.2:10249
                    - key: service.name
                      value:
                        stringValue: kubernetes-proxy
                    - key: url.scheme
                      value:
                        stringValue: http
                  timeUnixNano: "1000000"
              isMonotonic: true
          - gauge:
              dataPoints:
                - asDouble: 1
                  attributes:
                    - key: host.name
                      value:
                        stringValue: kind-control-plane
                    - key: k8s.cluster.name
                      value:
                        stringValue: sock
                    - key: k8s.namespace.name
                      value:
                        stringValue: kube-system
                    - key: k8s.node.name
                      value:
                        stringValue: kind-control-plane
                    - key: k8s.pod.name
                      value:
                        stringValue: kube-proxy-l9rln
                    - key: k8s.pod.uid
                      value:
                        stringValue: 1d0f1724-1126-41ea-903c-9e005eb9bfb8
                    - key: os.type
                      value:
                        stringValue: linux
                    - key: server.address
                      value:
                        stringValue: 172.18.0.2
                    - key: server.port
                      value:
                        stringValue: "10249"
                    - key: service.instance.id
                      value:
                        stringValue: 172.18.0.2:10249
                    - key: service.name
                      value:
                        stringValue: kubernetes-proxy
                    - key: url.scheme
                      value:
                        stringValue: http
                  timeUnixNano: "1000000"
            name: up
          - gauge:
              dataPoints:
                - asDouble: 0.014256792
                  attributes:
                    - key: host.name
                      value:
                        stringValue: kind-control-plane
                    - key: k8s.cluster.name
                      value:
                        stringValue: sock
                    - key: k8s.namespace.name
                      value:
                        stringValue: kube-system
                    - key: k8s.node.name
                      value:
                        stringValue: kind-control-plane
                    - key: k8s.pod.name
                      value:
                        stringValue: kube-proxy-l9rln
                    - key: k8s.pod.uid
                      value:
                        stringValue: 1d0f1724-1126-41ea-903c-9e005eb9bfb8
                    - key: os.type
                      value:
                        stringValue: linux
                    - key: server.address
                      value:
                        stringValue: 172.18.0.2
                    - key: server.port
                      value:
                        stringValue: "10249"
                    - key: service.instance.id
                      value:
                        stringValue: 172.18.0.2:10249
                    - key: service.name
                      value:
                        stringValue: kubernetes-proxy
                    - key: url.scheme
                      value:
                        stringValue: http
                  timeUnixNano: "1000000"
            name: scrape_duration_seconds
          - gauge:
              dataPoints:
                - asDouble: 105
                  attributes:
                    - key: host.name
                      value:
                        stringValue: kind-control-plane
                    - key: k8s.cluster.name
                      value:
                        stringValue: sock
                    - key: k8s.namespace.name
                      value:
                        stringValue: kube-system
                    - key: k8s.node.name
                      value:
                        stringValue: kind-control-plane
                    - key: k8s.pod.name
                      value:
                        stringValue: kube-proxy-l9rln
                    - key: k8s.pod.uid
                      value:
                        stringValue: 1d0f1724-1126-41ea-903c-9e005eb9bfb8
                    - key: os.type
                      value:
                        stringValue: linux
                    - key: server.address
                      value:
                        stringValue: 172.18.0.2
                    - key: server.port
                      value:
                        stringValue: "10249"
                    - key: service.instance.id
                      value:
                        stringValue: 172.18.0.2:10249
                    - key: service.name
                      value:
                        stringValue: kubernetes-proxy
                    - key: url.scheme
                      value:
                        stringValue: http
                  timeUnixNano: "1000000"
            name: scrape_samples_post_metric_relabeling
          - gauge:
              dataPoints:
                - asDouble: 0
                  attributes:
                    - key: host.name
                      value:
                        stringValue: kind-control-plane
                    - key: k8s.cluster.name
                      value:
                        stringValue: sock
                    - key: k8s.namespace.name
                      value:
                        stringValue: kube-system
                    - key: k8s.node.name
                      value:
                        stringValue: kind-control-plane
                    - key: k8s.pod.name
                      value:
                        stringValue: kube-proxy-l9rln
                    - key: k8s.pod.uid
                      value:
                        stringValue: 1d0f1724-1126-41ea-903c-9e005eb9bfb8
                    - key: os.type
                      value:
                        stringValue: linux
                    - key: server.address
                      value:
                        stringValue: 172.18.0.2
                    - key: server.port
                      value:
                        stringValue: "10249"
                    - key: service.instance.id
                      value:
                        stringValue: 172.18.0.2:10249
                    - key: service.name
                      value:
                        stringValue: kubernetes-proxy
                    - key: url.scheme
                      value:
                        stringValue: http
                  timeUnixNano: "1000000"
            name: kubeproxy_sync_proxy_rules_service_changes_pending
        scope: {}
