resourceMetrics:
  - resource:
      attributes:
        - key: host.name
          value:
            stringValue: kind-control-plane
        - key: k8s.cluster.name
          value:
            stringValue: sock
        - key: k8s.namespace.name
          value:
            stringValue: kube-system
        - key: k8s.node.name
          value:
            stringValue: kind-control-plane
        - key: k8s.pod.name
          value:
            stringValue: kube-scheduler-kind-control-plane
        - key: k8s.pod.uid
          value:
            stringValue: 138ba2fb-bd8a-46d8-bf14-6ee618c58d77
        - key: os.type
          value:
            stringValue: linux
        - key: server.address
          value:
            stringValue: 172.18.0.2
        - key: server.port
          value:
            stringValue: "10259"
        - key: service.instance.id
          value:
            stringValue: 172.18.0.2:10259
        - key: service.name
          value:
            stringValue: kubernetes-scheduler
        - key: url.scheme
          value:
            stringValue: https
    schemaUrl: https://opentelemetry.io/schemas/1.6.1
    scopeMetrics:
      - metrics:
          - description: '[ALPHA] Request latency in seconds. Broken down by verb, and host.'
            histogram:
              aggregationTemporality: 2
              dataPoints:
                - attributes:
                    - key: host
                      value:
                        stringValue: 172.18.0.2:6443
                    - key: verb
                      value:
                        stringValue: GET
                  bucketCounts:
                    - "71"
                    - "13"
                    - "0"
                    - "0"
                    - "0"
                    - "1"
                    - "0"
                    - "0"
                    - "0"
                    - "0"
                    - "0"
                    - "0"
                    - "0"
                  count: "85"
                  explicitBounds:
                    - 0.005
                    - 0.025
                    - 0.1
                    - 0.25
                    - 0.5
                    - 1
                    - 2
                    - 4
                    - 8
                    - 15
                    - 30
                    - 60
                  startTimeUnixNano: "1000000"
                  sum: 0.833519584
                  timeUnixNano: "1000000"
            metadata:
              - key: prometheus.type
                value:
                  stringValue: histogram
            name: rest_client_request_duration_seconds
          - description: '[BETA] E2e latency for a pod being scheduled, from the time the pod enters the scheduling queue an d might involve multiple scheduling attempts.'
            histogram:
              aggregationTemporality: 2
              dataPoints:
                - attributes:
                    - key: attempts
                      value:
                        stringValue: "1"
                  bucketCounts:
                    - "4"
                    - "0"
                    - "0"
                    - "0"
                    - "0"
                    - "0"
                    - "0"
                    - "0"
                    - "0"
                    - "0"
                    - "0"
                    - "0"
                    - "0"
                    - "0"
                    - "0"
                    - "0"
                    - "0"
                    - "0"
                    - "0"
                    - "0"
                    - "0"
                  count: "4"
                  explicitBounds:
                    - 0.01
                    - 0.02
                    - 0.04
                    - 0.08
                    - 0.16
                    - 0.32
                    - 0.64
                    - 1.28
                    - 2.56
                    - 5.12
                    - 10.24
                    - 20.48
                    - 40.96
                    - 81.92
                    - 163.84
                    - 327.68
                    - 655.36
                    - 1310.72
                    - 2621.44
                    - 5242.88
                  startTimeUnixNano: "1000000"
                  sum: 0.014153042000000001
                  timeUnixNano: "1000000"
            metadata:
              - key: prometheus.type
                value:
                  stringValue: histogram
            name: scheduler_pod_scheduling_sli_duration_seconds
          - description: '[ALPHA] Scheduling algorithm latency in seconds'
            histogram:
              aggregationTemporality: 2
              dataPoints:
                - bucketCounts:
                    - "7"
                    - "0"
                    - "0"
                    - "0"
                    - "0"
                    - "0"
                    - "0"
                    - "0"
                    - "0"
                    - "0"
                    - "0"
                    - "0"
                    - "0"
                    - "0"
                    - "0"
                    - "0"
                  count: "7"
                  explicitBounds:
                    - 0.001
                    - 0.002
                    - 0.004
                    - 0.008
                    - 0.016
                    - 0.032
                    - 0.064
                    - 0.128
                    - 0.256
                    - 0.512
                    - 1.024
                    - 2.048
                    - 4.096
                    - 8.192
                    - 16.384
                  startTimeUnixNano: "1000000"
                  sum: 0.000918501
                  timeUnixNano: "1000000"
            metadata:
              - key: prometheus.type
                value:
                  stringValue: histogram
            name: scheduler_scheduling_algorithm_duration_seconds
        scope:
          name: github.com/open-telemetry/opentelemetry-collector-contrib/receiver/prometheusreceiver
          version: v0.127.0
