resourceMetrics:
  - resource:
      attributes:
        - key: host.name
          value:
            stringValue: kind-control-plane
        - key: k8s.cluster.name
          value:
            stringValue: sock
        - key: k8s.namespace.name
          value:
            stringValue: kube-system
        - key: k8s.node.name
          value:
            stringValue: kind-control-plane
        - key: k8s.pod.name
          value:
            stringValue: kube-proxy-l9rln
        - key: k8s.pod.uid
          value:
            stringValue: 1d0f1724-1126-41ea-903c-9e005eb9bfb8
        - key: os.type
          value:
            stringValue: linux
        - key: server.address
          value:
            stringValue: 172.18.0.2
        - key: server.port
          value:
            stringValue: "10249"
        - key: service.instance.id
          value:
            stringValue: 172.18.0.2:10249
        - key: service.name
          value:
            stringValue: kubernetes-proxy
        - key: url.scheme
          value:
            stringValue: http
    schemaUrl: https://opentelemetry.io/schemas/1.6.1
    scopeMetrics:
      - metrics:
          - description: '[ALPHA] In Cluster Network Programming Latency in seconds'
            histogram:
              aggregationTemporality: 2
              dataPoints:
                - bucketCounts:
                    - "0"
                    - "2"
                    - "0"
                    - "3"
                    - "0"
                    - "0"
                    - "0"
                    - "0"
                    - "0"
                    - "0"
                    - "0"
                    - "0"
                    - "0"
                    - "0"
                    - "0"
                    - "0"
                    - "0"
                    - "0"
                    - "0"
                    - "0"
                    - "0"
                    - "0"
                    - "0"
                    - "0"
                    - "0"
                    - "0"
                    - "0"
                    - "0"
                    - "0"
                    - "0"
                    - "0"
                    - "0"
                    - "0"
                    - "0"
                    - "0"
                    - "0"
                    - "0"
                    - "0"
                    - "0"
                    - "0"
                    - "0"
                    - "0"
                    - "0"
                    - "0"
                    - "0"
                    - "0"
                    - "0"
                    - "0"
                    - "0"
                    - "0"
                    - "0"
                    - "0"
                    - "0"
                    - "0"
                    - "0"
                    - "0"
                    - "0"
                    - "0"
                    - "0"
                    - "0"
                    - "0"
                    - "0"
                    - "0"
                    - "0"
                    - "0"
                    - "0"
                    - "0"
                    - "0"
                    - "0"
                    - "0"
                    - "0"
                    - "0"
                    - "0"
                    - "0"
                    - "0"
                    - "0"
                    - "0"
                    - "0"
                    - "0"
                    - "0"
                    - "0"
                    - "0"
                  count: "5"
                  explicitBounds:
                    - 0
                    - 0.25
                    - 0.5
                    - 1
                    - 2
                    - 3
                    - 4
                    - 5
                    - 6
                    - 7
                    - 8
                    - 9
                    - 10
                    - 11
                    - 12
                    - 13
                    - 14
                    - 15
                    - 16
                    - 17
                    - 18
                    - 19
                    - 20
                    - 21
                    - 22
                    - 23
                    - 24
                    - 25
                    - 26
                    - 27
                    - 28
                    - 29
                    - 30
                    - 31
                    - 32
                    - 33
                    - 34
                    - 35
                    - 36
                    - 37
                    - 38
                    - 39
                    - 40
                    - 41
                    - 42
                    - 43
                    - 44
                    - 45
                    - 46
                    - 47
                    - 48
                    - 49
                    - 50
                    - 51
                    - 52
                    - 53
                    - 54
                    - 55
                    - 56
                    - 57
                    - 58
                    - 59
                    - 60
                    - 65
                    - 70
                    - 75
                    - 80
                    - 85
                    - 90
                    - 95
                    - 100
                    - 105
                    - 110
                    - 115
                    - 120
                    - 150
                    - 180
                    - 210
                    - 240
                    - 270
                    - 300
                  startTimeUnixNano: "1000000"
                  sum: 2.793866389
                  timeUnixNano: "1000000"
            metadata:
              - key: prometheus.type
                value:
                  stringValue: histogram
            name: kubeproxy_network_programming_duration_seconds
          - description: '[ALPHA] SyncProxyRules latency in seconds'
            histogram:
              aggregationTemporality: 2
              dataPoints:
                - bucketCounts:
                    - "0"
                    - "0"
                    - "0"
                    - "0"
                    - "0"
                    - "4"
                    - "3"
                    - "0"
                    - "0"
                    - "0"
                    - "0"
                    - "0"
                    - "0"
                    - "0"
                    - "0"
                    - "0"
                  count: "7"
                  explicitBounds:
                    - 0.001
                    - 0.002
                    - 0.004
                    - 0.008
                    - 0.016
                    - 0.032
                    - 0.064
                    - 0.128
                    - 0.256
                    - 0.512
                    - 1.024
                    - 2.048
                    - 4.096
                    - 8.192
                    - 16.384
                  startTimeUnixNano: "1000000"
                  sum: 0.227635752
                  timeUnixNano: "1000000"
            metadata:
              - key: prometheus.type
                value:
                  stringValue: histogram
            name: kubeproxy_sync_proxy_rules_duration_seconds
        scope:
          name: github.com/open-telemetry/opentelemetry-collector-contrib/receiver/prometheusreceiver
          version: v0.127.0
