resourceMetrics:
  - resource: {}
    scopeMetrics:
      - metrics:
          - gauge:
              dataPoints:
                - asDouble: 140
                  attributes:
                    - key: host.name
                      value:
                        stringValue: kind-control-plane
                    - key: k8s.cluster.name
                      value:
                        stringValue: sock
                    - key: k8s.namespace.name
                      value:
                        stringValue: kube-system
                    - key: k8s.node.name
                      value:
                        stringValue: kind-control-plane
                    - key: k8s.pod.name
                      value:
                        stringValue: kube-scheduler-kind-control-plane
                    - key: k8s.pod.uid
                      value:
                        stringValue: 138ba2fb-bd8a-46d8-bf14-6ee618c58d77
                    - key: os.type
                      value:
                        stringValue: linux
                    - key: server.address
                      value:
                        stringValue: 172.18.0.2
                    - key: server.port
                      value:
                        stringValue: "10259"
                    - key: service.instance.id
                      value:
                        stringValue: 172.18.0.2:10259
                    - key: service.name
                      value:
                        stringValue: kubernetes-scheduler
                    - key: url.scheme
                      value:
                        stringValue: https
                  timeUnixNano: "1000000"
            name: scrape_samples_post_metric_relabeling
          - gauge:
              dataPoints:
                - asDouble: 140
                  attributes:
                    - key: host.name
                      value:
                        stringValue: kind-control-plane
                    - key: k8s.cluster.name
                      value:
                        stringValue: sock
                    - key: k8s.namespace.name
                      value:
                        stringValue: kube-system
                    - key: k8s.node.name
                      value:
                        stringValue: kind-control-plane
                    - key: k8s.pod.name
                      value:
                        stringValue: kube-scheduler-kind-control-plane
                    - key: k8s.pod.uid
                      value:
                        stringValue: 138ba2fb-bd8a-46d8-bf14-6ee618c58d77
                    - key: os.type
                      value:
                        stringValue: linux
                    - key: server.address
                      value:
                        stringValue: 172.18.0.2
                    - key: server.port
                      value:
                        stringValue: "10259"
                    - key: service.instance.id
                      value:
                        stringValue: 172.18.0.2:10259
                    - key: service.name
                      value:
                        stringValue: kubernetes-scheduler
                    - key: url.scheme
                      value:
                        stringValue: https
                  timeUnixNano: "1000000"
            name: scrape_series_added
          - gauge:
              dataPoints:
                - asDouble: 0
                  attributes:
                    - key: host.name
                      value:
                        stringValue: kind-control-plane
                    - key: k8s.cluster.name
                      value:
                        stringValue: sock
                    - key: k8s.namespace.name
                      value:
                        stringValue: kube-system
                    - key: k8s.node.name
                      value:
                        stringValue: kind-control-plane
                    - key: k8s.pod.name
                      value:
                        stringValue: kube-scheduler-kind-control-plane
                    - key: k8s.pod.uid
                      value:
                        stringValue: 138ba2fb-bd8a-46d8-bf14-6ee618c58d77
                    - key: os.type
                      value:
                        stringValue: linux
                    - key: queue
                      value:
                        stringValue: active
                    - key: server.address
                      value:
                        stringValue: 172.18.0.2
                    - key: server.port
                      value:
                        stringValue: "10259"
                    - key: service.instance.id
                      value:
                        stringValue: 172.18.0.2:10259
                    - key: service.name
                      value:
                        stringValue: kubernetes-scheduler
                    - key: url.scheme
                      value:
                        stringValue: https
                  timeUnixNano: "1000000"
            name: scheduler_pending_pods
          - name: scheduler_preemption_attempts_total
            sum:
              aggregationTemporality: 2
              dataPoints:
                - asDouble: 3
                  attributes:
                    - key: host.name
                      value:
                        stringValue: kind-control-plane
                    - key: k8s.cluster.name
                      value:
                        stringValue: sock
                    - key: k8s.namespace.name
                      value:
                        stringValue: kube-system
                    - key: k8s.node.name
                      value:
                        stringValue: kind-control-plane
                    - key: k8s.pod.name
                      value:
                        stringValue: kube-scheduler-kind-control-plane
                    - key: k8s.pod.uid
                      value:
                        stringValue: 138ba2fb-bd8a-46d8-bf14-6ee618c58d77
                    - key: os.type
                      value:
                        stringValue: linux
                    - key: server.address
                      value:
                        stringValue: 172.18.0.2
                    - key: server.port
                      value:
                        stringValue: "10259"
                    - key: service.instance.id
                      value:
                        stringValue: 172.18.0.2:10259
                    - key: service.name
                      value:
                        stringValue: kubernetes-scheduler
                    - key: url.scheme
                      value:
                        stringValue: https
                  timeUnixNano: "1000000"
              isMonotonic: true
          - name: scheduler_queue_incoming_pods_total
            sum:
              aggregationTemporality: 2
              dataPoints:
                - asDouble: 3
                  attributes:
                    - key: event
                      value:
                        stringValue: NodeTaintChange
                    - key: host.name
                      value:
                        stringValue: kind-control-plane
                    - key: k8s.cluster.name
                      value:
                        stringValue: sock
                    - key: k8s.namespace.name
                      value:
                        stringValue: kube-system
                    - key: k8s.node.name
                      value:
                        stringValue: kind-control-plane
                    - key: k8s.pod.name
                      value:
                        stringValue: kube-scheduler-kind-control-plane
                    - key: k8s.pod.uid
                      value:
                        stringValue: 138ba2fb-bd8a-46d8-bf14-6ee618c58d77
                    - key: os.type
                      value:
                        stringValue: linux
                    - key: queue
                      value:
                        stringValue: active
                    - key: server.address
                      value:
                        stringValue: 172.18.0.2
                    - key: server.port
                      value:
                        stringValue: "10259"
                    - key: service.instance.id
                      value:
                        stringValue: 172.18.0.2:10259
                    - key: service.name
                      value:
                        stringValue: kubernetes-scheduler
                    - key: url.scheme
                      value:
                        stringValue: https
                  timeUnixNano: "1000000"
              isMonotonic: true
          - gauge:
              dataPoints:
                - asDouble: 1
                  attributes:
                    - key: host.name
                      value:
                        stringValue: kind-control-plane
                    - key: k8s.cluster.name
                      value:
                        stringValue: sock
                    - key: k8s.namespace.name
                      value:
                        stringValue: kube-system
                    - key: k8s.node.name
                      value:
                        stringValue: kind-control-plane
                    - key: k8s.pod.name
                      value:
                        stringValue: kube-scheduler-kind-control-plane
                    - key: k8s.pod.uid
                      value:
                        stringValue: 138ba2fb-bd8a-46d8-bf14-6ee618c58d77
                    - key: os.type
                      value:
                        stringValue: linux
                    - key: server.address
                      value:
                        stringValue: 172.18.0.2
                    - key: server.port
                      value:
                        stringValue: "10259"
                    - key: service.instance.id
                      value:
                        stringValue: 172.18.0.2:10259
                    - key: service.name
                      value:
                        stringValue: kubernetes-scheduler
                    - key: url.scheme
                      value:
                        stringValue: https
                  timeUnixNano: "1000000"
            name: up
          - gauge:
              dataPoints:
                - asDouble: 0.023092416
                  attributes:
                    - key: host.name
                      value:
                        stringValue: kind-control-plane
                    - key: k8s.cluster.name
                      value:
                        stringValue: sock
                    - key: k8s.namespace.name
                      value:
                        stringValue: kube-system
                    - key: k8s.node.name
                      value:
                        stringValue: kind-control-plane
                    - key: k8s.pod.name
                      value:
                        stringValue: kube-scheduler-kind-control-plane
                    - key: k8s.pod.uid
                      value:
                        stringValue: 138ba2fb-bd8a-46d8-bf14-6ee618c58d77
                    - key: os.type
                      value:
                        stringValue: linux
                    - key: server.address
                      value:
                        stringValue: 172.18.0.2
                    - key: server.port
                      value:
                        stringValue: "10259"
                    - key: service.instance.id
                      value:
                        stringValue: 172.18.0.2:10259
                    - key: service.name
                      value:
                        stringValue: kubernetes-scheduler
                    - key: url.scheme
                      value:
                        stringValue: https
                  timeUnixNano: "1000000"
            name: scrape_duration_seconds
          - gauge:
              dataPoints:
                - asDouble: 1105
                  attributes:
                    - key: host.name
                      value:
                        stringValue: kind-control-plane
                    - key: k8s.cluster.name
                      value:
                        stringValue: sock
                    - key: k8s.namespace.name
                      value:
                        stringValue: kube-system
                    - key: k8s.node.name
                      value:
                        stringValue: kind-control-plane
                    - key: k8s.pod.name
                      value:
                        stringValue: kube-scheduler-kind-control-plane
                    - key: k8s.pod.uid
                      value:
                        stringValue: 138ba2fb-bd8a-46d8-bf14-6ee618c58d77
                    - key: os.type
                      value:
                        stringValue: linux
                    - key: server.address
                      value:
                        stringValue: 172.18.0.2
                    - key: server.port
                      value:
                        stringValue: "10259"
                    - key: service.instance.id
                      value:
                        stringValue: 172.18.0.2:10259
                    - key: service.name
                      value:
                        stringValue: kubernetes-scheduler
                    - key: url.scheme
                      value:
                        stringValue: https
                  timeUnixNano: "1000000"
            name: scrape_samples_scraped
          - name: rest_client_requests_total
            sum:
              aggregationTemporality: 2
              dataPoints:
                - asDouble: 76
                  attributes:
                    - key: code
                      value:
                        stringValue: "200"
                    - key: host
                      value:
                        stringValue: 172.18.0.2:6443
                    - key: host.name
                      value:
                        stringValue: kind-control-plane
                    - key: k8s.cluster.name
                      value:
                        stringValue: sock
                    - key: k8s.namespace.name
                      value:
                        stringValue: kube-system
                    - key: k8s.node.name
                      value:
                        stringValue: kind-control-plane
                    - key: k8s.pod.name
                      value:
                        stringValue: kube-scheduler-kind-control-plane
                    - key: k8s.pod.uid
                      value:
                        stringValue: 138ba2fb-bd8a-46d8-bf14-6ee618c58d77
                    - key: method
                      value:
                        stringValue: GET
                    - key: os.type
                      value:
                        stringValue: linux
                    - key: server.address
                      value:
                        stringValue: 172.18.0.2
                    - key: server.port
                      value:
                        stringValue: "10259"
                    - key: service.instance.id
                      value:
                        stringValue: 172.18.0.2:10259
                    - key: service.name
                      value:
                        stringValue: kubernetes-scheduler
                    - key: url.scheme
                      value:
                        stringValue: https
                  timeUnixNano: "1000000"
              isMonotonic: true
          - name: scheduler_schedule_attempts_total
            sum:
              aggregationTemporality: 2
              dataPoints:
                - asDouble: 7
                  attributes:
                    - key: host.name
                      value:
                        stringValue: kind-control-plane
                    - key: k8s.cluster.name
                      value:
                        stringValue: sock
                    - key: k8s.namespace.name
                      value:
                        stringValue: kube-system
                    - key: k8s.node.name
                      value:
                        stringValue: kind-control-plane
                    - key: k8s.pod.name
                      value:
                        stringValue: kube-scheduler-kind-control-plane
                    - key: k8s.pod.uid
                      value:
                        stringValue: 138ba2fb-bd8a-46d8-bf14-6ee618c58d77
                    - key: os.type
                      value:
                        stringValue: linux
                    - key: profile
                      value:
                        stringValue: default-scheduler
                    - key: result
                      value:
                        stringValue: scheduled
                    - key: server.address
                      value:
                        stringValue: 172.18.0.2
                    - key: server.port
                      value:
                        stringValue: "10259"
                    - key: service.instance.id
                      value:
                        stringValue: 172.18.0.2:10259
                    - key: service.name
                      value:
                        stringValue: kubernetes-scheduler
                    - key: url.scheme
                      value:
                        stringValue: https
                  timeUnixNano: "1000000"
              isMonotonic: true
        scope: {}
