resourceMetrics:
  - resource:
      attributes:
        - key: host.name
          value:
            stringValue: kind-control-plane
        - key: http.scheme
          value:
            stringValue: https
        - key: k8s.cluster.name
          value:
            stringValue: sock
        - key: k8s.namespace.name
          value:
            stringValue: kube-system
        - key: k8s.node.name
          value:
            stringValue: kind-control-plane
        - key: k8s.pod.name
          value:
            stringValue: kube-scheduler-kind-control-plane
        - key: k8s.pod.uid
          value:
            stringValue: a95fb9e0-7cf8-46fb-9ac1-05201d2bf36d
        - key: net.host.name
          value:
            stringValue: 172.18.0.2
        - key: net.host.port
          value:
            stringValue: "10259"
        - key: os.type
          value:
            stringValue: linux
        - key: server.address
          value:
            stringValue: 172.18.0.2
        - key: server.port
          value:
            stringValue: "10259"
        - key: service.instance.id
          value:
            stringValue: 172.18.0.2:10259
        - key: service.name
          value:
            stringValue: kubernetes-scheduler
        - key: url.scheme
          value:
            stringValue: https
    schemaUrl: https://opentelemetry.io/schemas/1.6.1
    scopeMetrics:
      - metrics:
          - description: Distribution of individual GC-related stop-the-world stopping latencies. This is the time it takes from deciding to stop the world until all Ps are stopped. This is a subset of the total GC-related stop-the-world time (/sched/pauses/total/gc:seconds). During this time, some threads may be executing. Bucket counts increase monotonically.
            histogram:
              aggregationTemporality: 2
              dataPoints:
                - bucketCounts:
                    - "0"
                    - "0"
                    - "13"
                    - "1"
                    - "8"
                    - "0"
                    - "0"
                    - "0"
                  count: "22"
                  explicitBounds:
                    - 6.399999999999999e-08
                    - 6.399999999999999e-07
                    - 7.167999999999999e-06
                    - 8.191999999999999e-05
                    - 0.0009175039999999999
                    - 0.010485759999999998
                    - 0.11744051199999998
                  startTimeUnixNano: "1000000"
                  sum: 0.000670848
                  timeUnixNano: "1000000"
            metadata:
              - key: prometheus.type
                value:
                  stringValue: histogram
            name: go_sched_pauses_stopping_gc_seconds
          - description: '[ALPHA] Scheduling algorithm latency in seconds'
            histogram:
              aggregationTemporality: 2
              dataPoints:
                - bucketCounts:
                    - "9"
                    - "0"
                    - "0"
                    - "0"
                    - "0"
                    - "0"
                    - "0"
                    - "0"
                    - "0"
                    - "0"
                    - "0"
                    - "0"
                    - "0"
                    - "0"
                    - "0"
                    - "0"
                  count: "9"
                  explicitBounds:
                    - 0.001
                    - 0.002
                    - 0.004
                    - 0.008
                    - 0.016
                    - 0.032
                    - 0.064
                    - 0.128
                    - 0.256
                    - 0.512
                    - 1.024
                    - 2.048
                    - 4.096
                    - 8.192
                    - 16.384
                  startTimeUnixNano: "1000000"
                  sum: 0.001575379
                  timeUnixNano: "1000000"
            metadata:
              - key: prometheus.type
                value:
                  stringValue: histogram
            name: scheduler_scheduling_algorithm_duration_seconds
          - description: Distribution of individual non-GC-related stop-the-world stopping latencies. This is the time it takes from deciding to stop the world until all Ps are stopped. This is a subset of the total non-GC-related stop-the-world time (/sched/pauses/total/other:seconds). During this time, some threads may be executing. Bucket counts increase monotonically.
            histogram:
              aggregationTemporality: 2
              dataPoints:
                - bucketCounts:
                    - "0"
                    - "0"
                    - "0"
                    - "0"
                    - "0"
                    - "0"
                    - "0"
                    - "0"
                  explicitBounds:
                    - 6.399999999999999e-08
                    - 6.399999999999999e-07
                    - 7.167999999999999e-06
                    - 8.191999999999999e-05
                    - 0.0009175039999999999
                    - 0.010485759999999998
                    - 0.11744051199999998
                  startTimeUnixNano: "1000000"
                  sum: 0
                  timeUnixNano: "1000000"
            metadata:
              - key: prometheus.type
                value:
                  stringValue: histogram
            name: go_sched_pauses_stopping_other_seconds
          - description: '[STABLE] Latency for running all plugins of a specific extension point.'
            histogram:
              aggregationTemporality: 2
              dataPoints:
                - attributes:
                    - key: extension_point
                      value:
                        stringValue: Bind
                    - key: profile
                      value:
                        stringValue: default-scheduler
                    - key: status
                      value:
                        stringValue: Success
                  bucketCounts:
                    - "0"
                    - "0"
                    - "0"
                    - "0"
                    - "0"
                    - "0"
                    - "6"
                    - "0"
                    - "0"
                    - "0"
                    - "0"
                    - "0"
                    - "0"
                  count: "6"
                  explicitBounds:
                    - 0.0001
                    - 0.0002
                    - 0.0004
                    - 0.0008
                    - 0.0016
                    - 0.0032
                    - 0.0064
                    - 0.0128
                    - 0.0256
                    - 0.0512
                    - 0.1024
                    - 0.2048
                  startTimeUnixNano: "1000000"
                  sum: 0.032380677999999996
                  timeUnixNano: "1000000"
            metadata:
              - key: prometheus.type
                value:
                  stringValue: histogram
            name: scheduler_framework_extension_point_duration_seconds
          - description: '[ALPHA] '
            histogram:
              aggregationTemporality: 2
              dataPoints:
                - attributes:
                    - key: status
                      value:
                        stringValue: miss
                  bucketCounts:
                    - "1"
                    - "0"
                    - "0"
                    - "0"
                    - "0"
                    - "0"
                    - "0"
                    - "0"
                    - "0"
                    - "0"
                    - "0"
                    - "0"
                  count: "1"
                  explicitBounds:
                    - 0.005
                    - 0.01
                    - 0.025
                    - 0.05
                    - 0.1
                    - 0.25
                    - 0.5
                    - 1
                    - 2.5
                    - 5
                    - 10
                  startTimeUnixNano: "1000000"
                  sum: 0.002
                  timeUnixNano: "1000000"
            metadata:
              - key: prometheus.type
                value:
                  stringValue: histogram
            name: authentication_token_cache_request_duration_seconds
          - description: '[ALPHA] Histogram of the number of seconds the last auth exec plugin client certificate lived before being rotated. If auth exec plugin client certificates are unused, histogram will contain no data.'
            histogram:
              aggregationTemporality: 2
              dataPoints:
                - bucketCounts:
                    - "0"
                    - "0"
                    - "0"
                    - "0"
                    - "0"
                    - "0"
                    - "0"
                    - "0"
                    - "0"
                    - "0"
                    - "0"
                    - "0"
                  explicitBounds:
                    - 600
                    - 1800
                    - 3600
                    - 14400
                    - 86400
                    - 604800
                    - 2.592e+06
                    - 7.776e+06
                    - 1.5552e+07
                    - 3.1104e+07
                    - 1.24416e+08
                  startTimeUnixNano: "1000000"
                  sum: 0
                  timeUnixNano: "1000000"
            metadata:
              - key: prometheus.type
                value:
                  stringValue: histogram
            name: rest_client_exec_plugin_certificate_rotation_age
          - description: '[ALPHA] Response size in bytes. Broken down by verb and host.'
            histogram:
              aggregationTemporality: 2
              dataPoints:
                - attributes:
                    - key: host
                      value:
                        stringValue: 172.18.0.2:6443
                    - key: verb
                      value:
                        stringValue: GET
                  bucketCounts:
                    - "9"
                    - "20"
                    - "5"
                    - "1"
                    - "4"
                    - "0"
                    - "1"
                    - "0"
                    - "0"
                    - "0"
                    - "0"
                    - "0"
                  count: "40"
                  explicitBounds:
                    - 64
                    - 256
                    - 512
                    - 1024
                    - 4096
                    - 16384
                    - 65536
                    - 262144
                    - 1.048576e+06
                    - 4.194304e+06
                    - 1.6777216e+07
                  startTimeUnixNano: "1000000"
                  sum: 34968
                  timeUnixNano: "1000000"
            metadata:
              - key: prometheus.type
                value:
                  stringValue: histogram
            name: rest_client_response_size_bytes
          - description: '[ALPHA] Request size in bytes. Broken down by verb and host.'
            histogram:
              aggregationTemporality: 2
              dataPoints:
                - attributes:
                    - key: host
                      value:
                        stringValue: 172.18.0.2:6443
                    - key: verb
                      value:
                        stringValue: GET
                  bucketCounts:
                    - "40"
                    - "0"
                    - "0"
                    - "0"
                    - "0"
                    - "0"
                    - "0"
                    - "0"
                    - "0"
                    - "0"
                    - "0"
                    - "0"
                  count: "40"
                  explicitBounds:
                    - 64
                    - 256
                    - 512
                    - 1024
                    - 4096
                    - 16384
                    - 65536
                    - 262144
                    - 1.048576e+06
                    - 4.194304e+06
                    - 1.6777216e+07
                  startTimeUnixNano: "1000000"
                  sum: 0
                  timeUnixNano: "1000000"
            metadata:
              - key: prometheus.type
                value:
                  stringValue: histogram
            name: rest_client_request_size_bytes
          - description: Distribution of individual GC-related stop-the-world pause latencies. This is the time from deciding to stop the world until the world is started again. Some of this time is spent getting all threads to stop (this is measured directly in /sched/pauses/stopping/gc:seconds), during which some threads may still be running. Bucket counts increase monotonically.
            histogram:
              aggregationTemporality: 2
              dataPoints:
                - bucketCounts:
                    - "0"
                    - "0"
                    - "3"
                    - "10"
                    - "9"
                    - "0"
                    - "0"
                    - "0"
                  count: "22"
                  explicitBounds:
                    - 6.399999999999999e-08
                    - 6.399999999999999e-07
                    - 7.167999999999999e-06
                    - 8.191999999999999e-05
                    - 0.0009175039999999999
                    - 0.010485759999999998
                    - 0.11744051199999998
                  startTimeUnixNano: "1000000"
                  sum: 0.0008108799999999999
                  timeUnixNano: "1000000"
            metadata:
              - key: prometheus.type
                value:
                  stringValue: histogram
            name: go_sched_pauses_total_gc_seconds
          - description: '[ALPHA] Request latency in seconds. Broken down by status code.'
            histogram:
              aggregationTemporality: 2
              dataPoints:
                - attributes:
                    - key: code
                      value:
                        stringValue: "201"
                  bucketCounts:
                    - "1"
                    - "0"
                    - "0"
                    - "0"
                    - "0"
                    - "0"
                    - "0"
                    - "0"
                    - "0"
                  count: "1"
                  explicitBounds:
                    - 0.25
                    - 0.5
                    - 0.7
                    - 1
                    - 1.5
                    - 3
                    - 5
                    - 10
                  startTimeUnixNano: "1000000"
                  sum: 0.001558241
                  timeUnixNano: "1000000"
            metadata:
              - key: prometheus.type
                value:
                  stringValue: histogram
            name: apiserver_delegated_authz_request_duration_seconds
          - description: Distribution of individual non-GC-related stop-the-world pause latencies. This is the time from deciding to stop the world until the world is started again. Some of this time is spent getting all threads to stop (measured directly in /sched/pauses/stopping/other:seconds). Bucket counts increase monotonically.
            histogram:
              aggregationTemporality: 2
              dataPoints:
                - bucketCounts:
                    - "0"
                    - "0"
                    - "0"
                    - "0"
                    - "0"
                    - "0"
                    - "0"
                    - "0"
                  explicitBounds:
                    - 6.399999999999999e-08
                    - 6.399999999999999e-07
                    - 7.167999999999999e-06
                    - 8.191999999999999e-05
                    - 0.0009175039999999999
                    - 0.010485759999999998
                    - 0.11744051199999998
                  startTimeUnixNano: "1000000"
                  sum: 0
                  timeUnixNano: "1000000"
            metadata:
              - key: prometheus.type
                value:
                  stringValue: histogram
            name: go_sched_pauses_total_other_seconds
          - description: '[ALPHA] Request latency in seconds. Broken down by verb, and host.'
            histogram:
              aggregationTemporality: 2
              dataPoints:
                - attributes:
                    - key: host
                      value:
                        stringValue: 172.18.0.2:6443
                    - key: verb
                      value:
                        stringValue: GET
                  bucketCounts:
                    - "32"
                    - "7"
                    - "0"
                    - "0"
                    - "0"
                    - "0"
                    - "1"
                    - "0"
                    - "0"
                    - "0"
                    - "0"
                    - "0"
                    - "0"
                  count: "40"
                  explicitBounds:
                    - 0.005
                    - 0.025
                    - 0.1
                    - 0.25
                    - 0.5
                    - 1
                    - 2
                    - 4
                    - 8
                    - 15
                    - 30
                    - 60
                  startTimeUnixNano: "1000000"
                  sum: 1.2757194780000003
                  timeUnixNano: "1000000"
            metadata:
              - key: prometheus.type
                value:
                  stringValue: histogram
            name: rest_client_request_duration_seconds
          - description: '[ALPHA] Authentication duration in seconds broken out by result.'
            histogram:
              aggregationTemporality: 2
              dataPoints:
                - attributes:
                    - key: result
                      value:
                        stringValue: success
                  bucketCounts:
                    - "12"
                    - "0"
                    - "0"
                    - "0"
                    - "0"
                    - "0"
                    - "0"
                    - "0"
                    - "0"
                    - "0"
                    - "0"
                    - "0"
                    - "0"
                    - "0"
                    - "0"
                    - "0"
                  count: "12"
                  explicitBounds:
                    - 0.001
                    - 0.002
                    - 0.004
                    - 0.008
                    - 0.016
                    - 0.032
                    - 0.064
                    - 0.128
                    - 0.256
                    - 0.512
                    - 1.024
                    - 2.048
                    - 4.096
                    - 8.192
                    - 16.384
                  startTimeUnixNano: "1000000"
                  sum: 6.9966e-05
                  timeUnixNano: "1000000"
            metadata:
              - key: prometheus.type
                value:
                  stringValue: histogram
            name: authentication_duration_seconds
          - description: '[ALPHA] Distribution of the remaining lifetime on the certificate used to authenticate a request.'
            histogram:
              aggregationTemporality: 2
              dataPoints:
                - bucketCounts:
                    - "0"
                    - "0"
                    - "0"
                    - "0"
                    - "0"
                    - "0"
                    - "0"
                    - "0"
                    - "0"
                    - "0"
                    - "0"
                    - "0"
                    - "0"
                    - "0"
                    - "0"
                  explicitBounds:
                    - 0
                    - 1800
                    - 3600
                    - 7200
                    - 21600
                    - 43200
                    - 86400
                    - 172800
                    - 345600
                    - 604800
                    - 2.592e+06
                    - 7.776e+06
                    - 1.5552e+07
                    - 3.1104e+07
                  startTimeUnixNano: "1000000"
                  sum: 0
                  timeUnixNano: "1000000"
            metadata:
              - key: prometheus.type
                value:
                  stringValue: histogram
            name: apiserver_client_certificate_expiration_seconds
          - description: '[ALPHA] Request latency in seconds. Broken down by status code.'
            histogram:
              aggregationTemporality: 2
              dataPoints:
                - attributes:
                    - key: code
                      value:
                        stringValue: "201"
                  bucketCounts:
                    - "1"
                    - "0"
                    - "0"
                    - "0"
                    - "0"
                    - "0"
                    - "0"
                    - "0"
                    - "0"
                  count: "1"
                  explicitBounds:
                    - 0.25
                    - 0.5
                    - 0.7
                    - 1
                    - 1.5
                    - 3
                    - 5
                    - 10
                  startTimeUnixNano: "1000000"
                  sum: 0.001940253
                  timeUnixNano: "1000000"
            metadata:
              - key: prometheus.type
                value:
                  stringValue: histogram
            name: apiserver_delegated_authn_request_duration_seconds
          - description: '[STABLE] Number of attempts to successfully schedule a pod.'
            histogram:
              aggregationTemporality: 2
              dataPoints:
                - bucketCounts:
                    - "3"
                    - "3"
                    - "0"
                    - "0"
                    - "0"
                    - "0"
                  count: "6"
                  explicitBounds:
                    - 1
                    - 2
                    - 4
                    - 8
                    - 16
                  startTimeUnixNano: "1000000"
                  sum: 9
                  timeUnixNano: "1000000"
            metadata:
              - key: prometheus.type
                value:
                  stringValue: histogram
            name: scheduler_pod_scheduling_attempts
          - description: '[ALPHA] Latencies in seconds of data encryption key(DEK) generation operations.'
            histogram:
              aggregationTemporality: 2
              dataPoints:
                - bucketCounts:
                    - "0"
                    - "0"
                    - "0"
                    - "0"
                    - "0"
                    - "0"
                    - "0"
                    - "0"
                    - "0"
                    - "0"
                    - "0"
                    - "0"
                    - "0"
                    - "0"
                    - "0"
                  explicitBounds:
                    - 5e-06
                    - 1e-05
                    - 2e-05
                    - 4e-05
                    - 8e-05
                    - 0.00016
                    - 0.00032
                    - 0.00064
                    - 0.00128
                    - 0.00256
                    - 0.00512
                    - 0.01024
                    - 0.02048
                    - 0.04096
                  startTimeUnixNano: "1000000"
                  sum: 0
                  timeUnixNano: "1000000"
            metadata:
              - key: prometheus.type
                value:
                  stringValue: histogram
            name: apiserver_storage_data_key_generation_duration_seconds
          - description: Distribution of heap allocations by approximate size. Bucket counts increase monotonically. Note that this does not include tiny objects as defined by /gc/heap/tiny/allocs:objects, only tiny blocks.
            histogram:
              aggregationTemporality: 2
              dataPoints:
                - bucketCounts:
                    - "7092"
                    - "51409"
                    - "43931"
                    - "30345"
                    - "60812"
                    - "3671"
                    - "1180"
                    - "621"
                    - "1975"
                    - "163"
                    - "60"
                    - "47"
                  count: "201306"
                  explicitBounds:
                    - 8.999999999999998
                    - 24.999999999999996
                    - 64.99999999999999
                    - 144.99999999999997
                    - 320.99999999999994
                    - 704.9999999999999
                    - 1536.9999999999998
                    - 3200.9999999999995
                    - 6528.999999999999
                    - 13568.999999999998
                    - 27264.999999999996
                  startTimeUnixNano: "1000000"
                  sum: 4.1444584e+07
                  timeUnixNano: "1000000"
            metadata:
              - key: prometheus.type
                value:
                  stringValue: histogram
            name: go_gc_heap_allocs_by_size_bytes
          - description: '[ALPHA] How long in seconds an item stays in workqueue before being requested.'
            histogram:
              aggregationTemporality: 2
              dataPoints:
                - attributes:
                    - key: name
                      value:
                        stringValue: DynamicConfigMapCABundle-client-ca
                  bucketCounts:
                    - "0"
                    - "0"
                    - "0"
                    - "0"
                    - "1"
                    - "1"
                    - "0"
                    - "1"
                    - "0"
                    - "0"
                    - "0"
                  count: "3"
                  explicitBounds:
                    - 1e-08
                    - 1e-07
                    - 1e-06
                    - 9.999999999999999e-06
                    - 9.999999999999999e-05
                    - 0.001
                    - 0.01
                    - 0.1
                    - 1
                    - 10
                  startTimeUnixNano: "1000000"
                  sum: 0.051618003
                  timeUnixNano: "1000000"
            metadata:
              - key: prometheus.type
                value:
                  stringValue: histogram
            name: workqueue_queue_duration_seconds
          - description: '[ALPHA] How long in seconds processing an item from workqueue takes.'
            histogram:
              aggregationTemporality: 2
              dataPoints:
                - attributes:
                    - key: name
                      value:
                        stringValue: DynamicConfigMapCABundle-client-ca
                  bucketCounts:
                    - "0"
                    - "0"
                    - "0"
                    - "2"
                    - "0"
                    - "1"
                    - "0"
                    - "0"
                    - "0"
                    - "0"
                    - "0"
                  count: "3"
                  explicitBounds:
                    - 1e-08
                    - 1e-07
                    - 1e-06
                    - 9.999999999999999e-06
                    - 9.999999999999999e-05
                    - 0.001
                    - 0.01
                    - 0.1
                    - 1
                    - 10
                  startTimeUnixNano: "1000000"
                  sum: 0.000207596
                  timeUnixNano: "1000000"
            metadata:
              - key: prometheus.type
                value:
                  stringValue: histogram
            name: workqueue_work_duration_seconds
          - description: '[ALPHA] Client side rate limiter latency in seconds. Broken down by verb, and host.'
            histogram:
              aggregationTemporality: 2
              dataPoints:
                - attributes:
                    - key: host
                      value:
                        stringValue: 172.18.0.2:6443
                    - key: verb
                      value:
                        stringValue: GET
                  bucketCounts:
                    - "40"
                    - "0"
                    - "0"
                    - "0"
                    - "0"
                    - "0"
                    - "0"
                    - "0"
                    - "0"
                    - "0"
                    - "0"
                    - "0"
                    - "0"
                  count: "40"
                  explicitBounds:
                    - 0.005
                    - 0.025
                    - 0.1
                    - 0.25
                    - 0.5
                    - 1
                    - 2
                    - 4
                    - 8
                    - 15
                    - 30
                    - 60
                  startTimeUnixNano: "1000000"
                  sum: 0.00012614300000000003
                  timeUnixNano: "1000000"
            metadata:
              - key: prometheus.type
                value:
                  stringValue: histogram
            name: rest_client_rate_limiter_duration_seconds
          - description: '[STABLE] Scheduling attempt latency in seconds (scheduling algorithm + binding)'
            histogram:
              aggregationTemporality: 2
              dataPoints:
                - attributes:
                    - key: profile
                      value:
                        stringValue: default-scheduler
                    - key: result
                      value:
                        stringValue: scheduled
                  bucketCounts:
                    - "0"
                    - "0"
                    - "0"
                    - "6"
                    - "0"
                    - "0"
                    - "0"
                    - "0"
                    - "0"
                    - "0"
                    - "0"
                    - "0"
                    - "0"
                    - "0"
                    - "0"
                    - "0"
                  count: "6"
                  explicitBounds:
                    - 0.001
                    - 0.002
                    - 0.004
                    - 0.008
                    - 0.016
                    - 0.032
                    - 0.064
                    - 0.128
                    - 0.256
                    - 0.512
                    - 1.024
                    - 2.048
                    - 4.096
                    - 8.192
                    - 16.384
                  startTimeUnixNano: "1000000"
                  sum: 0.035069899
                  timeUnixNano: "1000000"
            metadata:
              - key: prometheus.type
                value:
                  stringValue: histogram
            name: scheduler_scheduling_attempt_duration_seconds
          - description: '[STABLE] Number of selected preemption victims'
            histogram:
              aggregationTemporality: 2
              dataPoints:
                - bucketCounts:
                    - "0"
                    - "0"
                    - "0"
                    - "0"
                    - "0"
                    - "0"
                    - "0"
                    - "0"
                  explicitBounds:
                    - 1
                    - 2
                    - 4
                    - 8
                    - 16
                    - 32
                    - 64
                  startTimeUnixNano: "1000000"
                  sum: 0
                  timeUnixNano: "1000000"
            metadata:
              - key: prometheus.type
                value:
                  stringValue: histogram
            name: scheduler_preemption_victims
          - description: Distribution of freed heap allocations by approximate size. Bucket counts increase monotonically. Note that this does not include tiny objects as defined by /gc/heap/tiny/allocs:objects, only tiny blocks.
            histogram:
              aggregationTemporality: 2
              dataPoints:
                - bucketCounts:
                    - "4246"
                    - "35091"
                    - "29732"
                    - "22905"
                    - "57350"
                    - "2425"
                    - "824"
                    - "366"
                    - "1857"
                    - "81"
                    - "19"
                    - "30"
                  count: "154926"
                  explicitBounds:
                    - 8.999999999999998
                    - 24.999999999999996
                    - 64.99999999999999
                    - 144.99999999999997
                    - 320.99999999999994
                    - 704.9999999999999
                    - 1536.9999999999998
                    - 3200.9999999999995
                    - 6528.999999999999
                    - 13568.999999999998
                    - 27264.999999999996
                  startTimeUnixNano: "1000000"
                  sum: 3.3863744e+07
                  timeUnixNano: "1000000"
            metadata:
              - key: prometheus.type
                value:
                  stringValue: histogram
            name: go_gc_heap_frees_by_size_bytes
          - description: Deprecated. Prefer the identical /sched/pauses/total/gc:seconds.
            histogram:
              aggregationTemporality: 2
              dataPoints:
                - bucketCounts:
                    - "0"
                    - "0"
                    - "3"
                    - "10"
                    - "9"
                    - "0"
                    - "0"
                    - "0"
                  count: "22"
                  explicitBounds:
                    - 6.399999999999999e-08
                    - 6.399999999999999e-07
                    - 7.167999999999999e-06
                    - 8.191999999999999e-05
                    - 0.0009175039999999999
                    - 0.010485759999999998
                    - 0.11744051199999998
                  startTimeUnixNano: "1000000"
                  sum: 0.0008108799999999999
                  timeUnixNano: "1000000"
            metadata:
              - key: prometheus.type
                value:
                  stringValue: histogram
            name: go_gc_pauses_seconds
          - description: '[BETA] E2e latency for a pod being scheduled, from the time the pod enters the scheduling queue an d might involve multiple scheduling attempts.'
            histogram:
              aggregationTemporality: 2
              dataPoints:
                - attributes:
                    - key: attempts
                      value:
                        stringValue: "1"
                  bucketCounts:
                    - "3"
                    - "0"
                    - "0"
                    - "0"
                    - "0"
                    - "0"
                    - "0"
                    - "0"
                    - "0"
                    - "0"
                    - "0"
                    - "0"
                    - "0"
                    - "0"
                    - "0"
                    - "0"
                    - "0"
                    - "0"
                    - "0"
                    - "0"
                    - "0"
                  count: "3"
                  explicitBounds:
                    - 0.01
                    - 0.02
                    - 0.04
                    - 0.08
                    - 0.16
                    - 0.32
                    - 0.64
                    - 1.28
                    - 2.56
                    - 5.12
                    - 10.24
                    - 20.48
                    - 40.96
                    - 81.92
                    - 163.84
                    - 327.68
                    - 655.36
                    - 1310.72
                    - 2621.44
                    - 5242.88
                  startTimeUnixNano: "1000000"
                  sum: 0.018016806
                  timeUnixNano: "1000000"
            metadata:
              - key: prometheus.type
                value:
                  stringValue: histogram
            name: scheduler_pod_scheduling_sli_duration_seconds
          - description: '[ALPHA] Authorization duration in seconds broken out by result.'
            histogram:
              aggregationTemporality: 2
              dataPoints:
                - attributes:
                    - key: result
                      value:
                        stringValue: allowed
                  bucketCounts:
                    - "12"
                    - "0"
                    - "0"
                    - "0"
                    - "0"
                    - "0"
                    - "0"
                    - "0"
                    - "0"
                    - "0"
                    - "0"
                    - "0"
                    - "0"
                    - "0"
                    - "0"
                    - "0"
                  count: "12"
                  explicitBounds:
                    - 0.001
                    - 0.002
                    - 0.004
                    - 0.008
                    - 0.016
                    - 0.032
                    - 0.064
                    - 0.128
                    - 0.256
                    - 0.512
                    - 1.024
                    - 2.048
                    - 4.096
                    - 8.192
                    - 16.384
                  startTimeUnixNano: "1000000"
                  sum: 4.6292e-05
                  timeUnixNano: "1000000"
            metadata:
              - key: prometheus.type
                value:
                  stringValue: histogram
            name: authorization_duration_seconds
          - description: Distribution of the time goroutines have spent in the scheduler in a runnable state before actually running. Bucket counts increase monotonically.
            histogram:
              aggregationTemporality: 2
              dataPoints:
                - bucketCounts:
                    - "1037"
                    - "77"
                    - "132"
                    - "282"
                    - "102"
                    - "2"
                    - "0"
                    - "0"
                  count: "1632"
                  explicitBounds:
                    - 6.399999999999999e-08
                    - 6.399999999999999e-07
                    - 7.167999999999999e-06
                    - 8.191999999999999e-05
                    - 0.0009175039999999999
                    - 0.010485759999999998
                    - 0.11744051199999998
                  startTimeUnixNano: "1000000"
                  sum: 0.012301632
                  timeUnixNano: "1000000"
            metadata:
              - key: prometheus.type
                value:
                  stringValue: histogram
            name: go_sched_latencies_seconds
        scope:
          name: github.com/open-telemetry/opentelemetry-collector-contrib/receiver/prometheusreceiver
          version: v0.120.0
