resourceMetrics:
  - resource: {}
    scopeMetrics:
      - metrics:
          - gauge:
              dataPoints:
                - asDouble: 657
                  attributes:
                    - key: host.name
                      value:
                        stringValue: kind-control-plane
                    - key: k8s.cluster.name
                      value:
                        stringValue: sock
                    - key: k8s.namespace.name
                      value:
                        stringValue: kube-system
                    - key: k8s.node.name
                      value:
                        stringValue: kind-control-plane
                    - key: k8s.pod.name
                      value:
                        stringValue: etcd-kind-control-plane
                    - key: k8s.pod.uid
                      value:
                        stringValue: 63fbad97-e25e-47dc-9a24-e4df1084b12f
                    - key: os.type
                      value:
                        stringValue: linux
                    - key: server.address
                      value:
                        stringValue: 172.18.0.2
                    - key: server.port
                      value:
                        stringValue: "2381"
                    - key: service.instance.id
                      value:
                        stringValue: 172.18.0.2:2381
                    - key: service.name
                      value:
                        stringValue: etcd
                    - key: url.scheme
                      value:
                        stringValue: http
                  timeUnixNano: "1000000"
            name: etcd_server_proposals_committed_total
          - name: etcd_server_proposals_failed_total
            sum:
              aggregationTemporality: 2
              dataPoints:
                - asDouble: 0
                  attributes:
                    - key: host.name
                      value:
                        stringValue: kind-control-plane
                    - key: k8s.cluster.name
                      value:
                        stringValue: sock
                    - key: k8s.namespace.name
                      value:
                        stringValue: kube-system
                    - key: k8s.node.name
                      value:
                        stringValue: kind-control-plane
                    - key: k8s.pod.name
                      value:
                        stringValue: etcd-kind-control-plane
                    - key: k8s.pod.uid
                      value:
                        stringValue: 63fbad97-e25e-47dc-9a24-e4df1084b12f
                    - key: os.type
                      value:
                        stringValue: linux
                    - key: server.address
                      value:
                        stringValue: 172.18.0.2
                    - key: server.port
                      value:
                        stringValue: "2381"
                    - key: service.instance.id
                      value:
                        stringValue: 172.18.0.2:2381
                    - key: service.name
                      value:
                        stringValue: etcd
                    - key: url.scheme
                      value:
                        stringValue: http
                  timeUnixNano: "1000000"
              isMonotonic: true
          - gauge:
              dataPoints:
                - asDouble: 0
                  attributes:
                    - key: host.name
                      value:
                        stringValue: kind-control-plane
                    - key: k8s.cluster.name
                      value:
                        stringValue: sock
                    - key: k8s.namespace.name
                      value:
                        stringValue: kube-system
                    - key: k8s.node.name
                      value:
                        stringValue: kind-control-plane
                    - key: k8s.pod.name
                      value:
                        stringValue: etcd-kind-control-plane
                    - key: k8s.pod.uid
                      value:
                        stringValue: 63fbad97-e25e-47dc-9a24-e4df1084b12f
                    - key: os.type
                      value:
                        stringValue: linux
                    - key: server.address
                      value:
                        stringValue: 172.18.0.2
                    - key: server.port
                      value:
                        stringValue: "2381"
                    - key: service.instance.id
                      value:
                        stringValue: 172.18.0.2:2381
                    - key: service.name
                      value:
                        stringValue: etcd
                    - key: url.scheme
                      value:
                        stringValue: http
                  timeUnixNano: "1000000"
            name: etcd_server_proposals_pending
          - gauge:
              dataPoints:
                - asDouble: 1
                  attributes:
                    - key: host.name
                      value:
                        stringValue: kind-control-plane
                    - key: k8s.cluster.name
                      value:
                        stringValue: sock
                    - key: k8s.namespace.name
                      value:
                        stringValue: kube-system
                    - key: k8s.node.name
                      value:
                        stringValue: kind-control-plane
                    - key: k8s.pod.name
                      value:
                        stringValue: etcd-kind-control-plane
                    - key: k8s.pod.uid
                      value:
                        stringValue: 63fbad97-e25e-47dc-9a24-e4df1084b12f
                    - key: os.type
                      value:
                        stringValue: linux
                    - key: server.address
                      value:
                        stringValue: 172.18.0.2
                    - key: server.port
                      value:
                        stringValue: "2381"
                    - key: service.instance.id
                      value:
                        stringValue: 172.18.0.2:2381
                    - key: service.name
                      value:
                        stringValue: etcd
                    - key: url.scheme
                      value:
                        stringValue: http
                  timeUnixNano: "1000000"
            name: up
          - gauge:
              dataPoints:
                - asDouble: 0.014662083
                  attributes:
                    - key: host.name
                      value:
                        stringValue: kind-control-plane
                    - key: k8s.cluster.name
                      value:
                        stringValue: sock
                    - key: k8s.namespace.name
                      value:
                        stringValue: kube-system
                    - key: k8s.node.name
                      value:
                        stringValue: kind-control-plane
                    - key: k8s.pod.name
                      value:
                        stringValue: etcd-kind-control-plane
                    - key: k8s.pod.uid
                      value:
                        stringValue: 63fbad97-e25e-47dc-9a24-e4df1084b12f
                    - key: os.type
                      value:
                        stringValue: linux
                    - key: server.address
                      value:
                        stringValue: 172.18.0.2
                    - key: server.port
                      value:
                        stringValue: "2381"
                    - key: service.instance.id
                      value:
                        stringValue: 172.18.0.2:2381
                    - key: service.name
                      value:
                        stringValue: etcd
                    - key: url.scheme
                      value:
                        stringValue: http
                  timeUnixNano: "1000000"
            name: scrape_duration_seconds
          - gauge:
              dataPoints:
                - asDouble: 1376
                  attributes:
                    - key: host.name
                      value:
                        stringValue: kind-control-plane
                    - key: k8s.cluster.name
                      value:
                        stringValue: sock
                    - key: k8s.namespace.name
                      value:
                        stringValue: kube-system
                    - key: k8s.node.name
                      value:
                        stringValue: kind-control-plane
                    - key: k8s.pod.name
                      value:
                        stringValue: etcd-kind-control-plane
                    - key: k8s.pod.uid
                      value:
                        stringValue: 63fbad97-e25e-47dc-9a24-e4df1084b12f
                    - key: os.type
                      value:
                        stringValue: linux
                    - key: server.address
                      value:
                        stringValue: 172.18.0.2
                    - key: server.port
                      value:
                        stringValue: "2381"
                    - key: service.instance.id
                      value:
                        stringValue: 172.18.0.2:2381
                    - key: service.name
                      value:
                        stringValue: etcd
                    - key: url.scheme
                      value:
                        stringValue: http
                  timeUnixNano: "1000000"
            name: scrape_samples_scraped
          - gauge:
              dataPoints:
                - asDouble: 657
                  attributes:
                    - key: host.name
                      value:
                        stringValue: kind-control-plane
                    - key: k8s.cluster.name
                      value:
                        stringValue: sock
                    - key: k8s.namespace.name
                      value:
                        stringValue: kube-system
                    - key: k8s.node.name
                      value:
                        stringValue: kind-control-plane
                    - key: k8s.pod.name
                      value:
                        stringValue: etcd-kind-control-plane
                    - key: k8s.pod.uid
                      value:
                        stringValue: 63fbad97-e25e-47dc-9a24-e4df1084b12f
                    - key: os.type
                      value:
                        stringValue: linux
                    - key: server.address
                      value:
                        stringValue: 172.18.0.2
                    - key: server.port
                      value:
                        stringValue: "2381"
                    - key: service.instance.id
                      value:
                        stringValue: 172.18.0.2:2381
                    - key: service.name
                      value:
                        stringValue: etcd
                    - key: url.scheme
                      value:
                        stringValue: http
                  timeUnixNano: "1000000"
            name: etcd_server_proposals_applied_total
          - gauge:
              dataPoints:
                - asDouble: 23
                  attributes:
                    - key: host.name
                      value:
                        stringValue: kind-control-plane
                    - key: k8s.cluster.name
                      value:
                        stringValue: sock
                    - key: k8s.namespace.name
                      value:
                        stringValue: kube-system
                    - key: k8s.node.name
                      value:
                        stringValue: kind-control-plane
                    - key: k8s.pod.name
                      value:
                        stringValue: etcd-kind-control-plane
                    - key: k8s.pod.uid
                      value:
                        stringValue: 63fbad97-e25e-47dc-9a24-e4df1084b12f
                    - key: os.type
                      value:
                        stringValue: linux
                    - key: server.address
                      value:
                        stringValue: 172.18.0.2
                    - key: server.port
                      value:
                        stringValue: "2381"
                    - key: service.instance.id
                      value:
                        stringValue: 172.18.0.2:2381
                    - key: service.name
                      value:
                        stringValue: etcd
                    - key: url.scheme
                      value:
                        stringValue: http
                  timeUnixNano: "1000000"
            name: scrape_samples_post_metric_relabeling
          - gauge:
              dataPoints:
                - asDouble: 23
                  attributes:
                    - key: host.name
                      value:
                        stringValue: kind-control-plane
                    - key: k8s.cluster.name
                      value:
                        stringValue: sock
                    - key: k8s.namespace.name
                      value:
                        stringValue: kube-system
                    - key: k8s.node.name
                      value:
                        stringValue: kind-control-plane
                    - key: k8s.pod.name
                      value:
                        stringValue: etcd-kind-control-plane
                    - key: k8s.pod.uid
                      value:
                        stringValue: 63fbad97-e25e-47dc-9a24-e4df1084b12f
                    - key: os.type
                      value:
                        stringValue: linux
                    - key: server.address
                      value:
                        stringValue: 172.18.0.2
                    - key: server.port
                      value:
                        stringValue: "2381"
                    - key: service.instance.id
                      value:
                        stringValue: 172.18.0.2:2381
                    - key: service.name
                      value:
                        stringValue: etcd
                    - key: url.scheme
                      value:
                        stringValue: http
                  timeUnixNano: "1000000"
            name: scrape_series_added
          - gauge:
              dataPoints:
                - asDouble: 1
                  attributes:
                    - key: host.name
                      value:
                        stringValue: kind-control-plane
                    - key: k8s.cluster.name
                      value:
                        stringValue: sock
                    - key: k8s.namespace.name
                      value:
                        stringValue: kube-system
                    - key: k8s.node.name
                      value:
                        stringValue: kind-control-plane
                    - key: k8s.pod.name
                      value:
                        stringValue: etcd-kind-control-plane
                    - key: k8s.pod.uid
                      value:
                        stringValue: 63fbad97-e25e-47dc-9a24-e4df1084b12f
                    - key: os.type
                      value:
                        stringValue: linux
                    - key: server.address
                      value:
                        stringValue: 172.18.0.2
                    - key: server.port
                      value:
                        stringValue: "2381"
                    - key: service.instance.id
                      value:
                        stringValue: 172.18.0.2:2381
                    - key: service.name
                      value:
                        stringValue: etcd
                    - key: url.scheme
                      value:
                        stringValue: http
                  timeUnixNano: "1000000"
            name: etcd_server_is_leader
          - name: etcd_server_leader_changes_seen_total
            sum:
              aggregationTemporality: 2
              dataPoints:
                - asDouble: 1
                  attributes:
                    - key: host.name
                      value:
                        stringValue: kind-control-plane
                    - key: k8s.cluster.name
                      value:
                        stringValue: sock
                    - key: k8s.namespace.name
                      value:
                        stringValue: kube-system
                    - key: k8s.node.name
                      value:
                        stringValue: kind-control-plane
                    - key: k8s.pod.name
                      value:
                        stringValue: etcd-kind-control-plane
                    - key: k8s.pod.uid
                      value:
                        stringValue: 63fbad97-e25e-47dc-9a24-e4df1084b12f
                    - key: os.type
                      value:
                        stringValue: linux
                    - key: server.address
                      value:
                        stringValue: 172.18.0.2
                    - key: server.port
                      value:
                        stringValue: "2381"
                    - key: service.instance.id
                      value:
                        stringValue: 172.18.0.2:2381
                    - key: service.name
                      value:
                        stringValue: etcd
                    - key: url.scheme
                      value:
                        stringValue: http
                  timeUnixNano: "1000000"
              isMonotonic: true
        scope: {}
