resourceMetrics:
  - resource:
      attributes:
        - key: host.name
          value:
            stringValue: kind-control-plane
        - key: k8s.cluster.name
          value:
            stringValue: sock
        - key: k8s.namespace.name
          value:
            stringValue: kube-system
        - key: k8s.node.name
          value:
            stringValue: kind-control-plane
        - key: k8s.pod.name
          value:
            stringValue: etcd-kind-control-plane
        - key: k8s.pod.uid
          value:
            stringValue: 64a9e30d-07d4-4ebd-b992-dfbf50c462e0
        - key: os.type
          value:
            stringValue: linux
        - key: server.address
          value:
            stringValue: 172.18.0.2
        - key: server.port
          value:
            stringValue: "2381"
        - key: service.instance.id
          value:
            stringValue: 172.18.0.2:2381
        - key: service.name
          value:
            stringValue: etcd
        - key: url.scheme
          value:
            stringValue: http
    schemaUrl: https://opentelemetry.io/schemas/1.6.1
    scopeMetrics:
      - metrics:
          - description: The latency distributions of fsync called by WAL.
            histogram:
              aggregationTemporality: 2
              dataPoints:
                - bucketCounts:
                    - "490"
                    - "94"
                    - "21"
                    - "4"
                    - "4"
                    - "1"
                    - "0"
                    - "2"
                    - "0"
                    - "0"
                    - "0"
                    - "0"
                    - "0"
                    - "0"
                    - "0"
                  count: "616"
                  explicitBounds:
                    - 0.001
                    - 0.002
                    - 0.004
                    - 0.008
                    - 0.016
                    - 0.032
                    - 0.064
                    - 0.128
                    - 0.256
                    - 0.512
                    - 1.024
                    - 2.048
                    - 4.096
                    - 8.192
                  startTimeUnixNano: "1000000"
                  sum: 0.6298579820000001
                  timeUnixNano: "1000000"
            metadata:
              - key: prometheus.type
                value:
                  stringValue: histogram
            name: etcd_disk_wal_fsync_duration_seconds
        scope:
          name: github.com/open-telemetry/opentelemetry-collector-contrib/receiver/prometheusreceiver
          version: v0.127.0
