resourceMetrics:
  - resource:
      attributes:
        - key: host.name
          value:
            stringValue: kind-control-plane
        - key: k8s.cluster.name
          value:
            stringValue: sock
        - key: k8s.namespace.name
          value:
            stringValue: kube-system
        - key: k8s.node.name
          value:
            stringValue: kind-control-plane
        - key: k8s.pod.name
          value:
            stringValue: kube-scheduler-kind-control-plane
        - key: k8s.pod.uid
          value:
            stringValue: 030eeebd-2bf2-4d9b-8fb9-b6796fae0ac0
        - key: os.type
          value:
            stringValue: linux
        - key: server.address
          value:
            stringValue: 172.18.0.2
        - key: server.port
          value:
            stringValue: "10259"
        - key: service.instance.id
          value:
            stringValue: 172.18.0.2:10259
        - key: service.name
          value:
            stringValue: kubernetes-scheduler
        - key: url.scheme
          value:
            stringValue: https
    schemaUrl: https://opentelemetry.io/schemas/1.6.1
    scopeMetrics:
      - metrics:
          - description: '[ALPHA] Authentication duration in seconds broken out by result.'
            histogram:
              aggregationTemporality: 2
              dataPoints:
                - attributes:
                    - key: result
                      value:
                        stringValue: success
                  bucketCounts:
                    - "13"
                    - "0"
                    - "0"
                    - "0"
                    - "0"
                    - "0"
                    - "0"
                    - "0"
                    - "0"
                    - "0"
                    - "0"
                    - "0"
                    - "0"
                    - "0"
                    - "0"
                    - "0"
                  count: "13"
                  explicitBounds:
                    - 0.001
                    - 0.002
                    - 0.004
                    - 0.008
                    - 0.016
                    - 0.032
                    - 0.064
                    - 0.128
                    - 0.256
                    - 0.512
                    - 1.024
                    - 2.048
                    - 4.096
                    - 8.192
                    - 16.384
                  startTimeUnixNano: "1000000"
                  sum: 0.000168351
                  timeUnixNano: "1000000"
            metadata:
              - key: prometheus.type
                value:
                  stringValue: histogram
            name: authentication_duration_seconds
          - description: '[ALPHA] '
            histogram:
              aggregationTemporality: 2
              dataPoints:
                - attributes:
                    - key: status
                      value:
                        stringValue: miss
                  bucketCounts:
                    - "1"
                    - "0"
                    - "0"
                    - "0"
                    - "0"
                    - "0"
                    - "0"
                    - "0"
                    - "0"
                    - "0"
                    - "0"
                    - "0"
                  count: "1"
                  explicitBounds:
                    - 0.005
                    - 0.01
                    - 0.025
                    - 0.05
                    - 0.1
                    - 0.25
                    - 0.5
                    - 1
                    - 2.5
                    - 5
                    - 10
                  startTimeUnixNano: "1000000"
                  sum: 0.002
                  timeUnixNano: "1000000"
            metadata:
              - key: prometheus.type
                value:
                  stringValue: histogram
            name: authentication_token_cache_request_duration_seconds
          - description: '[STABLE] Number of attempts to successfully schedule a pod.'
            histogram:
              aggregationTemporality: 2
              dataPoints:
                - bucketCounts:
                    - "3"
                    - "3"
                    - "0"
                    - "0"
                    - "0"
                    - "0"
                  count: "6"
                  explicitBounds:
                    - 1
                    - 2
                    - 4
                    - 8
                    - 16
                  startTimeUnixNano: "1000000"
                  sum: 9
                  timeUnixNano: "1000000"
            metadata:
              - key: prometheus.type
                value:
                  stringValue: histogram
            name: scheduler_pod_scheduling_attempts
          - description: '[ALPHA] Scheduling algorithm latency in seconds'
            histogram:
              aggregationTemporality: 2
              dataPoints:
                - bucketCounts:
                    - "6"
                    - "0"
                    - "0"
                    - "0"
                    - "0"
                    - "0"
                    - "0"
                    - "0"
                    - "0"
                    - "0"
                    - "0"
                    - "0"
                    - "0"
                    - "0"
                    - "0"
                    - "0"
                  count: "6"
                  explicitBounds:
                    - 0.001
                    - 0.002
                    - 0.004
                    - 0.008
                    - 0.016
                    - 0.032
                    - 0.064
                    - 0.128
                    - 0.256
                    - 0.512
                    - 1.024
                    - 2.048
                    - 4.096
                    - 8.192
                    - 16.384
                  startTimeUnixNano: "1000000"
                  sum: 0.000603693
                  timeUnixNano: "1000000"
            metadata:
              - key: prometheus.type
                value:
                  stringValue: histogram
            name: scheduler_scheduling_algorithm_duration_seconds
          - description: '[ALPHA] Client side rate limiter latency in seconds. Broken down by verb, and host.'
            histogram:
              aggregationTemporality: 2
              dataPoints:
                - attributes:
                    - key: host
                      value:
                        stringValue: 172.18.0.2:6443
                    - key: verb
                      value:
                        stringValue: GET
                  bucketCounts:
                    - "105"
                    - "0"
                    - "0"
                    - "0"
                    - "0"
                    - "0"
                    - "0"
                    - "0"
                    - "0"
                    - "0"
                    - "0"
                    - "0"
                    - "0"
                  count: "105"
                  explicitBounds:
                    - 0.005
                    - 0.025
                    - 0.1
                    - 0.25
                    - 0.5
                    - 1
                    - 2
                    - 4
                    - 8
                    - 15
                    - 30
                    - 60
                  startTimeUnixNano: "1000000"
                  sum: 0.00018217500000000005
                  timeUnixNano: "1000000"
            metadata:
              - key: prometheus.type
                value:
                  stringValue: histogram
            name: rest_client_rate_limiter_duration_seconds
          - description: Distribution of heap allocations by approximate size. Note that this does not include tiny objects as defined by /gc/heap/tiny/allocs:objects, only tiny blocks.
            histogram:
              aggregationTemporality: 2
              dataPoints:
                - bucketCounts:
                    - "5947"
                    - "58277"
                    - "45927"
                    - "36998"
                    - "38431"
                    - "4366"
                    - "1206"
                    - "650"
                    - "1206"
                    - "154"
                    - "62"
                    - "54"
                  count: "193278"
                  explicitBounds:
                    - 8.999999999999998
                    - 24.999999999999996
                    - 64.99999999999999
                    - 144.99999999999997
                    - 320.99999999999994
                    - 704.9999999999999
                    - 1536.9999999999998
                    - 3200.9999999999995
                    - 6528.999999999999
                    - 13568.999999999998
                    - 27264.999999999996
                  startTimeUnixNano: "1000000"
                  sum: 3.3320608e+07
                  timeUnixNano: "1000000"
            metadata:
              - key: prometheus.type
                value:
                  stringValue: histogram
            name: go_gc_heap_allocs_by_size_bytes
          - description: '[ALPHA] Latencies in seconds of data encryption key(DEK) generation operations.'
            histogram:
              aggregationTemporality: 2
              dataPoints:
                - bucketCounts:
                    - "0"
                    - "0"
                    - "0"
                    - "0"
                    - "0"
                    - "0"
                    - "0"
                    - "0"
                    - "0"
                    - "0"
                    - "0"
                    - "0"
                    - "0"
                    - "0"
                    - "0"
                  explicitBounds:
                    - 5e-06
                    - 1e-05
                    - 2e-05
                    - 4e-05
                    - 8e-05
                    - 0.00016
                    - 0.00032
                    - 0.00064
                    - 0.00128
                    - 0.00256
                    - 0.00512
                    - 0.01024
                    - 0.02048
                    - 0.04096
                  startTimeUnixNano: "1000000"
                  sum: 0
                  timeUnixNano: "1000000"
            metadata:
              - key: prometheus.type
                value:
                  stringValue: histogram
            name: apiserver_storage_data_key_generation_duration_seconds
          - description: '[ALPHA] Request latency in seconds. Broken down by status code.'
            histogram:
              aggregationTemporality: 2
              dataPoints:
                - attributes:
                    - key: code
                      value:
                        stringValue: "201"
                  bucketCounts:
                    - "1"
                    - "0"
                    - "0"
                    - "0"
                    - "0"
                    - "0"
                    - "0"
                    - "0"
                    - "0"
                  count: "1"
                  explicitBounds:
                    - 0.25
                    - 0.5
                    - 0.7
                    - 1
                    - 1.5
                    - 3
                    - 5
                    - 10
                  startTimeUnixNano: "1000000"
                  sum: 0.002000776
                  timeUnixNano: "1000000"
            metadata:
              - key: prometheus.type
                value:
                  stringValue: histogram
            name: apiserver_delegated_authz_request_duration_seconds
          - description: '[ALPHA] Histogram of the number of seconds the last auth exec plugin client certificate lived before being rotated. If auth exec plugin client certificates are unused, histogram will contain no data.'
            histogram:
              aggregationTemporality: 2
              dataPoints:
                - bucketCounts:
                    - "0"
                    - "0"
                    - "0"
                    - "0"
                    - "0"
                    - "0"
                    - "0"
                    - "0"
                    - "0"
                    - "0"
                    - "0"
                    - "0"
                  explicitBounds:
                    - 600
                    - 1800
                    - 3600
                    - 14400
                    - 86400
                    - 604800
                    - 2.592e+06
                    - 7.776e+06
                    - 1.5552e+07
                    - 3.1104e+07
                    - 1.24416e+08
                  startTimeUnixNano: "1000000"
                  sum: 0
                  timeUnixNano: "1000000"
            metadata:
              - key: prometheus.type
                value:
                  stringValue: histogram
            name: rest_client_exec_plugin_certificate_rotation_age
          - description: '[STABLE] Number of selected preemption victims'
            histogram:
              aggregationTemporality: 2
              dataPoints:
                - bucketCounts:
                    - "0"
                    - "0"
                    - "0"
                    - "0"
                    - "0"
                    - "0"
                    - "0"
                    - "0"
                  explicitBounds:
                    - 1
                    - 2
                    - 4
                    - 8
                    - 16
                    - 32
                    - 64
                  startTimeUnixNano: "1000000"
                  sum: 0
                  timeUnixNano: "1000000"
            metadata:
              - key: prometheus.type
                value:
                  stringValue: histogram
            name: scheduler_preemption_victims
          - description: '[ALPHA] How long in seconds an item stays in workqueue before being requested.'
            histogram:
              aggregationTemporality: 2
              dataPoints:
                - attributes:
                    - key: name
                      value:
                        stringValue: DynamicConfigMapCABundle-client-ca
                  bucketCounts:
                    - "0"
                    - "0"
                    - "0"
                    - "0"
                    - "2"
                    - "0"
                    - "0"
                    - "1"
                    - "0"
                    - "0"
                    - "0"
                  count: "3"
                  explicitBounds:
                    - 1e-08
                    - 1e-07
                    - 1e-06
                    - 9.999999999999999e-06
                    - 9.999999999999999e-05
                    - 0.001
                    - 0.01
                    - 0.1
                    - 1
                    - 10
                  startTimeUnixNano: "1000000"
                  sum: 0.094594406
                  timeUnixNano: "1000000"
            metadata:
              - key: prometheus.type
                value:
                  stringValue: histogram
            name: workqueue_queue_duration_seconds
          - description: Distribution of freed heap allocations by approximate size. Note that this does not include tiny objects as defined by /gc/heap/tiny/allocs:objects, only tiny blocks.
            histogram:
              aggregationTemporality: 2
              dataPoints:
                - bucketCounts:
                    - "3433"
                    - "45072"
                    - "35512"
                    - "32273"
                    - "35744"
                    - "3176"
                    - "895"
                    - "410"
                    - "1109"
                    - "86"
                    - "22"
                    - "35"
                  count: "157767"
                  explicitBounds:
                    - 8.999999999999998
                    - 24.999999999999996
                    - 64.99999999999999
                    - 144.99999999999997
                    - 320.99999999999994
                    - 704.9999999999999
                    - 1536.9999999999998
                    - 3200.9999999999995
                    - 6528.999999999999
                    - 13568.999999999998
                    - 27264.999999999996
                  startTimeUnixNano: "1000000"
                  sum: 2.6711344e+07
                  timeUnixNano: "1000000"
            metadata:
              - key: prometheus.type
                value:
                  stringValue: histogram
            name: go_gc_heap_frees_by_size_bytes
          - description: '[ALPHA] Request size in bytes. Broken down by verb and host.'
            histogram:
              aggregationTemporality: 2
              dataPoints:
                - attributes:
                    - key: host
                      value:
                        stringValue: 172.18.0.2:6443
                    - key: verb
                      value:
                        stringValue: GET
                  bucketCounts:
                    - "105"
                    - "0"
                    - "0"
                    - "0"
                    - "0"
                    - "0"
                    - "0"
                    - "0"
                    - "0"
                    - "0"
                    - "0"
                    - "0"
                  count: "105"
                  explicitBounds:
                    - 64
                    - 256
                    - 512
                    - 1024
                    - 4096
                    - 16384
                    - 65536
                    - 262144
                    - 1.048576e+06
                    - 4.194304e+06
                    - 1.6777216e+07
                  startTimeUnixNano: "1000000"
                  sum: 0
                  timeUnixNano: "1000000"
            metadata:
              - key: prometheus.type
                value:
                  stringValue: histogram
            name: rest_client_request_size_bytes
          - description: '[ALPHA] Request latency in seconds. Broken down by status code.'
            histogram:
              aggregationTemporality: 2
              dataPoints:
                - attributes:
                    - key: code
                      value:
                        stringValue: "201"
                  bucketCounts:
                    - "1"
                    - "0"
                    - "0"
                    - "0"
                    - "0"
                    - "0"
                    - "0"
                    - "0"
                    - "0"
                  count: "1"
                  explicitBounds:
                    - 0.25
                    - 0.5
                    - 0.7
                    - 1
                    - 1.5
                    - 3
                    - 5
                    - 10
                  startTimeUnixNano: "1000000"
                  sum: 0.002599962
                  timeUnixNano: "1000000"
            metadata:
              - key: prometheus.type
                value:
                  stringValue: histogram
            name: apiserver_delegated_authn_request_duration_seconds
          - description: '[ALPHA] Request latency in seconds. Broken down by verb, and host.'
            histogram:
              aggregationTemporality: 2
              dataPoints:
                - attributes:
                    - key: host
                      value:
                        stringValue: 172.18.0.2:6443
                    - key: verb
                      value:
                        stringValue: GET
                  bucketCounts:
                    - "88"
                    - "15"
                    - "0"
                    - "0"
                    - "0"
                    - "1"
                    - "0"
                    - "1"
                    - "0"
                    - "0"
                    - "0"
                    - "0"
                    - "0"
                  count: "105"
                  explicitBounds:
                    - 0.005
                    - 0.025
                    - 0.1
                    - 0.25
                    - 0.5
                    - 1
                    - 2
                    - 4
                    - 8
                    - 15
                    - 30
                    - 60
                  startTimeUnixNano: "1000000"
                  sum: 3.7163691819999993
                  timeUnixNano: "1000000"
            metadata:
              - key: prometheus.type
                value:
                  stringValue: histogram
            name: rest_client_request_duration_seconds
          - description: '[STABLE] E2e latency for a pod being scheduled which may include multiple scheduling attempts.'
            histogram:
              aggregationTemporality: 2
              dataPoints:
                - attributes:
                    - key: attempts
                      value:
                        stringValue: "1"
                  bucketCounts:
                    - "3"
                    - "0"
                    - "0"
                    - "0"
                    - "0"
                    - "0"
                    - "0"
                    - "0"
                    - "0"
                    - "0"
                    - "0"
                    - "0"
                    - "0"
                    - "0"
                    - "0"
                    - "0"
                    - "0"
                    - "0"
                    - "0"
                    - "0"
                    - "0"
                  count: "3"
                  explicitBounds:
                    - 0.01
                    - 0.02
                    - 0.04
                    - 0.08
                    - 0.16
                    - 0.32
                    - 0.64
                    - 1.28
                    - 2.56
                    - 5.12
                    - 10.24
                    - 20.48
                    - 40.96
                    - 81.92
                    - 163.84
                    - 327.68
                    - 655.36
                    - 1310.72
                    - 2621.44
                    - 5242.88
                  startTimeUnixNano: "1000000"
                  sum: 0.018528017
                  timeUnixNano: "1000000"
            metadata:
              - key: prometheus.type
                value:
                  stringValue: histogram
            name: scheduler_pod_scheduling_duration_seconds
          - description: '[ALPHA] How long in seconds processing an item from workqueue takes.'
            histogram:
              aggregationTemporality: 2
              dataPoints:
                - attributes:
                    - key: name
                      value:
                        stringValue: DynamicConfigMapCABundle-client-ca
                  bucketCounts:
                    - "0"
                    - "0"
                    - "0"
                    - "1"
                    - "2"
                    - "0"
                    - "0"
                    - "0"
                    - "0"
                    - "0"
                    - "0"
                  count: "3"
                  explicitBounds:
                    - 1e-08
                    - 1e-07
                    - 1e-06
                    - 9.999999999999999e-06
                    - 9.999999999999999e-05
                    - 0.001
                    - 0.01
                    - 0.1
                    - 1
                    - 10
                  startTimeUnixNano: "1000000"
                  sum: 8.471e-05
                  timeUnixNano: "1000000"
            metadata:
              - key: prometheus.type
                value:
                  stringValue: histogram
            name: workqueue_work_duration_seconds
          - description: Distribution individual GC-related stop-the-world pause latencies.
            histogram:
              aggregationTemporality: 2
              dataPoints:
                - bucketCounts:
                    - "0"
                    - "0"
                    - "2"
                    - "6"
                    - "11"
                    - "1"
                    - "0"
                    - "0"
                  count: "20"
                  explicitBounds:
                    - 6.399999999999999e-08
                    - 6.399999999999999e-07
                    - 7.167999999999999e-06
                    - 8.191999999999999e-05
                    - 0.0009175039999999999
                    - 0.010485759999999998
                    - 0.11744051199999998
                  startTimeUnixNano: "1000000"
                  sum: 0.001862912
                  timeUnixNano: "1000000"
            metadata:
              - key: prometheus.type
                value:
                  stringValue: histogram
            name: go_gc_pauses_seconds
          - description: Distribution of the time goroutines have spent in the scheduler in a runnable state before actually running.
            histogram:
              aggregationTemporality: 2
              dataPoints:
                - bucketCounts:
                    - "714"
                    - "90"
                    - "147"
                    - "294"
                    - "126"
                    - "6"
                    - "0"
                    - "0"
                  count: "1377"
                  explicitBounds:
                    - 6.399999999999999e-08
                    - 6.399999999999999e-07
                    - 7.167999999999999e-06
                    - 8.191999999999999e-05
                    - 0.0009175039999999999
                    - 0.010485759999999998
                    - 0.11744051199999998
                  startTimeUnixNano: "1000000"
                  sum: 0.018034176
                  timeUnixNano: "1000000"
            metadata:
              - key: prometheus.type
                value:
                  stringValue: histogram
            name: go_sched_latencies_seconds
          - description: '[ALPHA] Distribution of the remaining lifetime on the certificate used to authenticate a request.'
            histogram:
              aggregationTemporality: 2
              dataPoints:
                - bucketCounts:
                    - "0"
                    - "0"
                    - "0"
                    - "0"
                    - "0"
                    - "0"
                    - "0"
                    - "0"
                    - "0"
                    - "0"
                    - "0"
                    - "0"
                    - "0"
                    - "0"
                    - "0"
                  explicitBounds:
                    - 0
                    - 1800
                    - 3600
                    - 7200
                    - 21600
                    - 43200
                    - 86400
                    - 172800
                    - 345600
                    - 604800
                    - 2.592e+06
                    - 7.776e+06
                    - 1.5552e+07
                    - 3.1104e+07
                  startTimeUnixNano: "1000000"
                  sum: 0
                  timeUnixNano: "1000000"
            metadata:
              - key: prometheus.type
                value:
                  stringValue: histogram
            name: apiserver_client_certificate_expiration_seconds
          - description: '[STABLE] Latency for running all plugins of a specific extension point.'
            histogram:
              aggregationTemporality: 2
              dataPoints:
                - attributes:
                    - key: extension_point
                      value:
                        stringValue: Bind
                    - key: profile
                      value:
                        stringValue: default-scheduler
                    - key: status
                      value:
                        stringValue: Success
                  bucketCounts:
                    - "0"
                    - "0"
                    - "0"
                    - "0"
                    - "0"
                    - "0"
                    - "4"
                    - "2"
                    - "0"
                    - "0"
                    - "0"
                    - "0"
                    - "0"
                  count: "6"
                  explicitBounds:
                    - 0.0001
                    - 0.0002
                    - 0.0004
                    - 0.0008
                    - 0.0016
                    - 0.0032
                    - 0.0064
                    - 0.0128
                    - 0.0256
                    - 0.0512
                    - 0.1024
                    - 0.2048
                  startTimeUnixNano: "1000000"
                  sum: 0.040194323
                  timeUnixNano: "1000000"
            metadata:
              - key: prometheus.type
                value:
                  stringValue: histogram
            name: scheduler_framework_extension_point_duration_seconds
          - description: '[ALPHA] Response size in bytes. Broken down by verb and host.'
            histogram:
              aggregationTemporality: 2
              dataPoints:
                - attributes:
                    - key: host
                      value:
                        stringValue: 172.18.0.2:6443
                    - key: verb
                      value:
                        stringValue: GET
                  bucketCounts:
                    - "9"
                    - "25"
                    - "65"
                    - "2"
                    - "3"
                    - "0"
                    - "1"
                    - "0"
                    - "0"
                    - "0"
                    - "0"
                    - "0"
                  count: "105"
                  explicitBounds:
                    - 64
                    - 256
                    - 512
                    - 1024
                    - 4096
                    - 16384
                    - 65536
                    - 262144
                    - 1.048576e+06
                    - 4.194304e+06
                    - 1.6777216e+07
                  startTimeUnixNano: "1000000"
                  sum: 60187
                  timeUnixNano: "1000000"
            metadata:
              - key: prometheus.type
                value:
                  stringValue: histogram
            name: rest_client_response_size_bytes
          - description: '[STABLE] Scheduling attempt latency in seconds (scheduling algorithm + binding)'
            histogram:
              aggregationTemporality: 2
              dataPoints:
                - attributes:
                    - key: profile
                      value:
                        stringValue: default-scheduler
                    - key: result
                      value:
                        stringValue: scheduled
                  bucketCounts:
                    - "0"
                    - "0"
                    - "0"
                    - "4"
                    - "2"
                    - "0"
                    - "0"
                    - "0"
                    - "0"
                    - "0"
                    - "0"
                    - "0"
                    - "0"
                    - "0"
                    - "0"
                    - "0"
                  count: "6"
                  explicitBounds:
                    - 0.001
                    - 0.002
                    - 0.004
                    - 0.008
                    - 0.016
                    - 0.032
                    - 0.064
                    - 0.128
                    - 0.256
                    - 0.512
                    - 1.024
                    - 2.048
                    - 4.096
                    - 8.192
                    - 16.384
                  startTimeUnixNano: "1000000"
                  sum: 0.041539213
                  timeUnixNano: "1000000"
            metadata:
              - key: prometheus.type
                value:
                  stringValue: histogram
            name: scheduler_scheduling_attempt_duration_seconds
        scope:
          name: github.com/open-telemetry/opentelemetry-collector-contrib/receiver/prometheusreceiver
          version: v0.120.0
